Component: ARM Compiler 5.06 update 4 (build 422) Tool: armlink [4d35d2]

==============================================================================

Section Cross References

    gpio.o(i.MX_GPIO_Init) refers to stm32f1xx_hal_gpio.o(i.HAL_GPIO_WritePin) for HAL_GPIO_WritePin
    gpio.o(i.MX_GPIO_Init) refers to stm32f1xx_hal_gpio.o(i.HAL_GPIO_Init) for HAL_GPIO_Init
    gpio.o(i.imu_cs_disable) refers to stm32f1xx_hal_gpio.o(i.HAL_GPIO_WritePin) for HAL_GPIO_WritePin
    gpio.o(i.imu_cs_enable) refers to stm32f1xx_hal_gpio.o(i.HAL_GPIO_WritePin) for HAL_GPIO_WritePin
    gpio.o(i.led_off) refers to stm32f1xx_hal_gpio.o(i.HAL_GPIO_WritePin) for HAL_GPIO_WritePin
    gpio.o(i.led_on) refers to stm32f1xx_hal_gpio.o(i.HAL_GPIO_WritePin) for HAL_GPIO_WritePin
    gpio.o(i.reset_test_flag) refers to stm32f1xx_hal_gpio.o(i.HAL_GPIO_WritePin) for HAL_GPIO_WritePin
    gpio.o(i.set_test_flag) refers to stm32f1xx_hal_gpio.o(i.HAL_GPIO_WritePin) for HAL_GPIO_WritePin
    gpio.o(i.toggle_test_flag) refers to stm32f1xx_hal_gpio.o(i.HAL_GPIO_TogglePin) for HAL_GPIO_TogglePin
    spi.o(i.HAL_SPI_MspDeInit) refers to stm32f1xx_hal_gpio.o(i.HAL_GPIO_DeInit) for HAL_GPIO_DeInit
    spi.o(i.HAL_SPI_MspInit) refers to stm32f1xx_hal_gpio.o(i.HAL_GPIO_Init) for HAL_GPIO_Init
    spi.o(i.MX_SPI2_Init) refers to stm32f1xx_hal_spi_ex.o(i.HAL_SPI_Init) for HAL_SPI_Init
    spi.o(i.MX_SPI2_Init) refers to main.o(i._Error_Handler) for _Error_Handler
    spi.o(i.MX_SPI2_Init) refers to spi.o(.bss) for .bss
    stm32f1xx_it.o(i.SysTick_Handler) refers to stm32f1xx_hal.o(i.HAL_IncTick) for HAL_IncTick
    stm32f1xx_it.o(i.SysTick_Handler) refers to stm32f1xx_hal_cortex.o(i.HAL_SYSTICK_IRQHandler) for HAL_SYSTICK_IRQHandler
    stm32f1xx_it.o(i.TIM2_IRQHandler) refers to stm32f1xx_hal_tim.o(i.HAL_TIM_IRQHandler) for HAL_TIM_IRQHandler
    stm32f1xx_it.o(i.TIM2_IRQHandler) refers to tim.o(.bss) for htim2
    main.o(i.HAL_TIM_PeriodElapsedCallback) refers to gpio.o(i.set_test_flag) for set_test_flag
    main.o(i.HAL_TIM_PeriodElapsedCallback) refers to attitude.o(i.attitude_updata) for attitude_updata
    main.o(i.HAL_TIM_PeriodElapsedCallback) refers to gpio.o(i.reset_test_flag) for reset_test_flag
    main.o(i.HAL_TIM_PeriodElapsedCallback) refers to tim.o(.bss) for htim2
    main.o(i.SystemClock_Config) refers to stm32f1xx_hal_rcc.o(i.HAL_RCC_OscConfig) for HAL_RCC_OscConfig
    main.o(i.SystemClock_Config) refers to stm32f1xx_hal_rcc.o(i.HAL_RCC_ClockConfig) for HAL_RCC_ClockConfig
    main.o(i.SystemClock_Config) refers to stm32f1xx_hal_rcc_ex.o(i.HAL_RCCEx_PeriphCLKConfig) for HAL_RCCEx_PeriphCLKConfig
    main.o(i.SystemClock_Config) refers to stm32f1xx_hal_rcc.o(i.HAL_RCC_GetHCLKFreq) for HAL_RCC_GetHCLKFreq
    main.o(i.SystemClock_Config) refers to stm32f1xx_hal_cortex.o(i.HAL_SYSTICK_Config) for HAL_SYSTICK_Config
    main.o(i.SystemClock_Config) refers to stm32f1xx_hal_cortex.o(i.HAL_SYSTICK_CLKSourceConfig) for HAL_SYSTICK_CLKSourceConfig
    main.o(i.SystemClock_Config) refers to stm32f1xx_hal_cortex.o(i.HAL_NVIC_SetPriority) for HAL_NVIC_SetPriority
    main.o(i.main) refers to stm32f1xx_hal.o(i.HAL_Init) for HAL_Init
    main.o(i.main) refers to main.o(i.SystemClock_Config) for SystemClock_Config
    main.o(i.main) refers to gpio.o(i.MX_GPIO_Init) for MX_GPIO_Init
    main.o(i.main) refers to usart.o(i.MX_USART1_UART_Init) for MX_USART1_UART_Init
    main.o(i.main) refers to adc.o(i.MX_ADC1_Init) for MX_ADC1_Init
    main.o(i.main) refers to adc.o(i.MX_ADC2_Init) for MX_ADC2_Init
    main.o(i.main) refers to spi.o(i.MX_SPI2_Init) for MX_SPI2_Init
    main.o(i.main) refers to tim.o(i.MX_TIM2_Init) for MX_TIM2_Init
    main.o(i.main) refers to attitude.o(i.attitude_init) for attitude_init
    main.o(i.main) refers to gpio.o(i.led_off) for led_off
    main.o(i.main) refers to stm32f1xx_hal_tim.o(i.HAL_TIM_Base_Start_IT) for HAL_TIM_Base_Start_IT
    main.o(i.main) refers to transmitter.o(i.transmitter_init) for transmitter_init
    main.o(i.main) refers to attitude.o(i.get_quat) for get_quat
    main.o(i.main) refers to attitude.o(i.get_gyro) for get_gyro
    main.o(i.main) refers to attitude.o(i.get_acc) for get_acc
    main.o(i.main) refers to transmitter.o(i.transmitter_send_imu_data) for transmitter_send_imu_data
    main.o(i.main) refers to stm32f1xx_hal.o(i.HAL_Delay) for HAL_Delay
    main.o(i.main) refers to tim.o(.bss) for htim2
    adc.o(i.HAL_ADC_MspDeInit) refers to stm32f1xx_hal_gpio.o(i.HAL_GPIO_DeInit) for HAL_GPIO_DeInit
    adc.o(i.HAL_ADC_MspInit) refers to stm32f1xx_hal_gpio.o(i.HAL_GPIO_Init) for HAL_GPIO_Init
    adc.o(i.MX_ADC1_Init) refers to stm32f1xx_hal_adc.o(i.HAL_ADC_Init) for HAL_ADC_Init
    adc.o(i.MX_ADC1_Init) refers to main.o(i._Error_Handler) for _Error_Handler
    adc.o(i.MX_ADC1_Init) refers to adc.o(.bss) for .bss
    adc.o(i.MX_ADC2_Init) refers to stm32f1xx_hal_adc.o(i.HAL_ADC_Init) for HAL_ADC_Init
    adc.o(i.MX_ADC2_Init) refers to main.o(i._Error_Handler) for _Error_Handler
[...]
    Removing stm32f1xx_hal_spi.o(i.HAL_SPI_Init), (128 bytes).
    Removing stm32f1xx_hal_spi.o(i.HAL_SPI_MspDeInit), (2 bytes).
    Removing stm32f1xx_hal_spi.o(i.HAL_SPI_MspInit), (2 bytes).
    Removing stm32f1xx_hal_spi.o(i.HAL_SPI_Receive), (336 bytes).
    Removing stm32f1xx_hal_spi.o(i.HAL_SPI_Receive_DMA), (212 bytes).
    Removing stm32f1xx_hal_spi.o(i.HAL_SPI_Receive_IT), (164 bytes).
    Removing stm32f1xx_hal_spi.o(i.HAL_SPI_RxCpltCallback), (2 bytes).
    Removing stm32f1xx_hal_spi.o(i.HAL_SPI_RxHalfCpltCallback), (2 bytes).
    Removing stm32f1xx_hal_spi.o(i.HAL_SPI_TransmitReceive), (472 bytes).
    Removing stm32f1xx_hal_spi.o(i.HAL_SPI_TransmitReceive_DMA), (264 bytes).
    Removing stm32f1xx_hal_spi.o(i.HAL_SPI_TransmitReceive_IT), (164 bytes).
    Removing stm32f1xx_hal_spi.o(i.HAL_SPI_Transmit_DMA), (184 bytes).
    Removing stm32f1xx_hal_spi.o(i.HAL_SPI_Transmit_IT), (152 bytes).
    Removing stm32f1xx_hal_spi.o(i.HAL_SPI_TxCpltCallback), (2 bytes).
    Removing stm32f1xx_hal_spi.o(i.HAL_SPI_TxHalfCpltCallback), (2 bytes).
    Removing stm32f1xx_hal_spi.o(i.HAL_SPI_TxRxCpltCallback), (2 bytes).
    Removing stm32f1xx_hal_spi.o(i.HAL_SPI_TxRxHalfCpltCallback), (2 bytes).
    Removing stm32f1xx_hal_spi.o(i.SPI_2linesRxISR_16BIT), (48 bytes).
    Removing stm32f1xx_hal_spi.o(i.SPI_2linesRxISR_8BIT), (46 bytes).
    Removing stm32f1xx_hal_spi.o(i.SPI_2linesTxISR_16BIT), (48 bytes).
    Removing stm32f1xx_hal_spi.o(i.SPI_2linesTxISR_8BIT), (46 bytes).
    Removing stm32f1xx_hal_spi.o(i.SPI_AbortRx_ISR), (80 bytes).
    Removing stm32f1xx_hal_spi.o(i.SPI_AbortTx_ISR), (22 bytes).
    Removing stm32f1xx_hal_spi.o(i.SPI_CloseRxTx_ISR), (144 bytes).
    Removing stm32f1xx_hal_spi.o(i.SPI_CloseRx_ISR), (78 bytes).
    Removing stm32f1xx_hal_spi.o(i.SPI_CloseTx_ISR), (124 bytes).
    Removing stm32f1xx_hal_spi.o(i.SPI_DMAAbortOnError), (16 bytes).
    Removing stm32f1xx_hal_spi.o(i.SPI_DMAError), (34 bytes).
    Removing stm32f1xx_hal_spi.o(i.SPI_DMAHalfReceiveCplt), (10 bytes).
    Removing stm32f1xx_hal_spi.o(i.SPI_DMAHalfTransmitCplt), (10 bytes).
    Removing stm32f1xx_hal_spi.o(i.SPI_DMAHalfTransmitReceiveCplt), (10 bytes).
    Removing stm32f1xx_hal_spi.o(i.SPI_DMAReceiveCplt), (82 bytes).
    Removing stm32f1xx_hal_spi.o(i.SPI_DMARxAbortCallback), (66 bytes).
    Removing stm32f1xx_hal_spi.o(i.SPI_DMATransmitCplt), (90 bytes).
    Removing stm32f1xx_hal_spi.o(i.SPI_DMATransmitReceiveCplt), (80 bytes).
    Removing stm32f1xx_hal_spi.o(i.SPI_DMATxAbortCallback), (96 bytes).
    Removing stm32f1xx_hal_spi.o(i.SPI_ISCRCErrorValid), (4 bytes).
    Removing stm32f1xx_hal_spi.o(i.SPI_RxISR_16BIT), (32 bytes).
    Removing stm32f1xx_hal_spi.o(i.SPI_RxISR_8BIT), (30 bytes).
    Removing stm32f1xx_hal_spi.o(i.SPI_TxISR_16BIT), (32 bytes).
    Removing stm32f1xx_hal_spi.o(i.SPI_TxISR_8BIT), (30 bytes).
    Removing stm32f1xx_hal_adc_ex.o(.rev16_text), (4 bytes).
    Removing stm32f1xx_hal_adc_ex.o(.revsh_text), (4 bytes).
    Removing stm32f1xx_hal_adc_ex.o(.rrx_text), (6 bytes).
    Removing stm32f1xx_hal_adc_ex.o(i.HAL_ADCEx_Calibration_Start), (200 bytes).
    Removing stm32f1xx_hal_adc_ex.o(i.HAL_ADCEx_InjectedConfigChannel), (476 bytes).
    Removing stm32f1xx_hal_adc_ex.o(i.HAL_ADCEx_InjectedConvCpltCallback), (2 bytes).
    Removing stm32f1xx_hal_adc_ex.o(i.HAL_ADCEx_InjectedGetValue), (30 bytes).
    Removing stm32f1xx_hal_adc_ex.o(i.HAL_ADCEx_InjectedPollForConversion), (292 bytes).
    Removing stm32f1xx_hal_adc_ex.o(i.HAL_ADCEx_InjectedStart), (168 bytes).
    Removing stm32f1xx_hal_adc_ex.o(i.HAL_ADCEx_InjectedStart_IT), (180 bytes).
    Removing stm32f1xx_hal_adc_ex.o(i.HAL_ADCEx_InjectedStop), (78 bytes).
    Removing stm32f1xx_hal_adc_ex.o(i.HAL_ADCEx_InjectedStop_IT), (88 bytes).
    Removing stm32f1xx_hal_adc_ex.o(i.HAL_ADCEx_MultiModeConfigChannel), (100 bytes).
    Removing stm32f1xx_hal_adc_ex.o(i.HAL_ADCEx_MultiModeGetValue), (32 bytes).
    Removing stm32f1xx_hal_adc_ex.o(i.HAL_ADCEx_MultiModeStart_DMA), (232 bytes).
    Removing stm32f1xx_hal_adc_ex.o(i.HAL_ADCEx_MultiModeStop_DMA), (116 bytes).
    Removing stm32f1xx_hal.o(.rev16_text), (4 bytes).
    Removing stm32f1xx_hal.o(.revsh_text), (4 bytes).
    Removing stm32f1xx_hal.o(.rrx_text), (6 bytes).
    Removing stm32f1xx_hal.o(i.HAL_DBGMCU_DisableDBGSleepMode), (16 bytes).
    Removing stm32f1xx_hal.o(i.HAL_DBGMCU_DisableDBGStandbyMode), (16 bytes).
    Removing stm32f1xx_hal.o(i.HAL_DBGMCU_DisableDBGStopMode), (16 bytes).
    Removing stm32f1xx_hal.o(i.HAL_DBGMCU_EnableDBGSleepMode), (16 bytes).
    Removing stm32f1xx_hal.o(i.HAL_DBGMCU_EnableDBGStandbyMode), (16 bytes).
    Removing stm32f1xx_hal.o(i.HAL_DBGMCU_EnableDBGStopMode), (16 bytes).
    Removing stm32f1xx_hal.o(i.HAL_DeInit), (32 bytes).
    Removing stm32f1xx_hal.o(i.HAL_GetDEVID), (16 bytes).
    Removing stm32f1xx_hal.o(i.HAL_GetHalVersion), (8 bytes).
    Removing stm32f1xx_hal.o(i.HAL_GetREVID), (12 bytes).
    Removing stm32f1xx_hal.o(i.HAL_GetTickFreq), (12 bytes).
    Removing stm32f1xx_hal.o(i.HAL_GetTickPrio), (12 bytes).
    Removing stm32f1xx_hal.o(i.HAL_GetUID), (28 bytes).
    Removing stm32f1xx_hal.o(i.HAL_MspDeInit), (2 bytes).
    Removing stm32f1xx_hal.o(i.HAL_MspInit), (2 bytes).
    Removing stm32f1xx_hal.o(i.HAL_ResumeTick), (14 bytes).
    Removing stm32f1xx_hal.o(i.HAL_SetTickFreq), (28 bytes).
    Removing stm32f1xx_hal.o(i.HAL_SuspendTick), (14 bytes).
    Removing stm32f1xx_hal_rcc.o(.rev16_text), (4 bytes).
    Removing stm32f1xx_hal_rcc.o(.revsh_text), (4 bytes).
    Removing stm32f1xx_hal_rcc.o(.rrx_text), (6 bytes).
    Removing stm32f1xx_hal_rcc.o(i.HAL_RCC_CSSCallback), (2 bytes).
    Removing stm32f1xx_hal_rcc.o(i.HAL_RCC_DeInit), (216 bytes).
    Removing stm32f1xx_hal_rcc.o(i.HAL_RCC_DisableCSS), (12 bytes).
    Removing stm32f1xx_hal_rcc.o(i.HAL_RCC_EnableCSS), (12 bytes).
    Removing stm32f1xx_hal_rcc.o(i.HAL_RCC_GetClockConfig), (64 bytes).
    Removing stm32f1xx_hal_rcc.o(i.HAL_RCC_GetOscConfig), (144 bytes).
    Removing stm32f1xx_hal_rcc.o(i.HAL_RCC_MCOConfig), (72 bytes).
    Removing stm32f1xx_hal_rcc.o(i.HAL_RCC_NMI_IRQHandler), (24 bytes).
    Removing startup_stm32f103xb.o(HEAP), (512 bytes).
    Removing system_stm32f1xx.o(.rev16_text), (4 bytes).
    Removing system_stm32f1xx.o(.revsh_text), (4 bytes).
    Removing system_stm32f1xx.o(.rrx_text), (6 bytes).
    Removing system_stm32f1xx.o(i.SystemCoreClockUpdate), (104 bytes).
    Removing dmul.o(.text), (228 bytes).
    Removing ddiv.o(.text), (222 bytes).
    Removing dfltui.o(.text), (26 bytes).
    Removing ffixi.o(.text), (50 bytes).
    Removing dsqrt.o(.text), (162 bytes).
    Removing dfixul.o(.text), (48 bytes).
    Removing cdcmple.o(.text), (48 bytes).
    Removing cdrcmple.o(.text), (48 bytes).

513 unused section(s) (total 33911 bytes) removed from the image.

==============================================================================

Image Symbol Table

    Local Symbols

    Symbol Name                              Value     Ov Type        Size  Object(Section)

    ../Drivers/STM32F1xx_HAL_Driver/Src/stm32f1xx_hal.c 0x00000000   Number         0  stm32f1xx_hal.o ABSOLUTE
    ../Drivers/STM32F1xx_HAL_Driver/Src/stm32f1xx_hal_adc.c 0x00000000   Number         0  stm32f1xx_hal_adc.o ABSOLUTE
    ../Drivers/STM32F1xx_HAL_Driver/Src/stm32f1xx_hal_adc_ex.c 0x00000000   Number         0  stm32f1xx_hal_adc_ex.o ABSOLUTE
    ../Drivers/STM32F1xx_HAL_Driver/Src/stm32f1xx_hal_cortex.c 0x00000000   Number         0  stm32f1xx_hal_cortex.o ABSOLUTE
    ../Drivers/STM32F1xx_HAL_Driver/Src/stm32f1xx_hal_dma.c 0x00000000   Number         0  stm32f1xx_hal_dma.o ABSOLUTE
    ../Drivers/STM32F1xx_HAL_Driver/Src/stm32f1xx_hal_flash.c 0x00000000   Number         0  stm32f1xx_hal_flash.o ABSOLUTE
    ../Drivers/STM32F1xx_HAL_Driver/Src/stm32f1xx_hal_flash_ex.c 0x00000000   Number         0  stm32f1xx_hal_flash_ex.o ABSOLUTE
    ../Drivers/STM32F1xx_HAL_Driver/Src/stm32f1xx_hal_gpio.c 0x00000000   Number         0  stm32f1xx_hal_gpio.o ABSOLUTE
    ../Drivers/STM32F1xx_HAL_Driver/Src/stm32f1xx_hal_gpio_ex.c 0x00000000   Number         0  stm32f1xx_hal_gpio_ex.o ABSOLUTE
    ../Drivers/STM32F1xx_HAL_Driver/Src/stm32f1xx_hal_pwr.c 0x00000000   Number         0  stm32f1xx_hal_pwr.o ABSOLUTE
    ../Drivers/STM32F1xx_HAL_Driver/Src/stm32f1xx_hal_rcc.c 0x00000000   Number         0  stm32f1xx_hal_rcc.o ABSOLUTE
    ../Drivers/STM32F1xx_HAL_Driver/Src/stm32f1xx_hal_rcc_ex.c 0x00000000   Number         0  stm32f1xx_hal_rcc_ex.o ABSOLUTE
    ../Drivers/STM32F1xx_HAL_Driver/Src/stm32f1xx_hal_spi.c 0x00000000   Number         0  stm32f1xx_hal_spi.o ABSOLUTE
    ../Drivers/STM32F1xx_HAL_Driver/Src/stm32f1xx_hal_spi_ex.c 0x00000000   Number         0  stm32f1xx_hal_spi_ex.o ABSOLUTE
    ../Drivers/STM32F1xx_HAL_Driver/Src/stm32f1xx_hal_tim.c 0x00000000   Number         0  stm32f1xx_hal_tim.o ABSOLUTE
    ../Drivers/STM32F1xx_HAL_Driver/Src/stm32f1xx_hal_tim_ex.c 0x00000000   Number         0  stm32f1xx_hal_tim_ex.o ABSOLUTE
    ../Drivers/STM32F1xx_HAL_Driver/Src/stm32f1xx_hal_uart.c 0x00000000   Number         0  stm32f1xx_hal_uart.o ABSOLUTE
    ../Src/adc.c                             0x00000000   Number         0  adc.o ABSOLUTE
    ../Src/gpio.c                            0x00000000   Number         0  gpio.o ABSOLUTE
    ../Src/main.c                            0x00000000   Number         0  main.o ABSOLUTE
    ../Src/spi.c                             0x00000000   Number         0  spi.o ABSOLUTE
    ../Src/stm32f1xx_hal_msp.c               0x00000000   Number         0  stm32f1xx_hal_msp.o ABSOLUTE
    ../Src/stm32f1xx_it.c                    0x00000000   Number         0  stm32f1xx_it.o ABSOLUTE
    ../Src/system_stm32f1xx.c                0x00000000   Number         0  system_stm32f1xx.o ABSOLUTE
    ../Src/tim.c                             0x00000000   Number         0  tim.o ABSOLUTE
    ../Src/usart.c                           0x00000000   Number         0  usart.o ABSOLUTE
    ../clib/microlib/division.c              0x00000000   Number         0  uldiv.o ABSOLUTE
    ../clib/microlib/division.c              0x00000000   Number         0  uidiv.o ABSOLUTE
    ../clib/microlib/errno.c                 0x00000000   Number         0  errno.o ABSOLUTE
    ../clib/microlib/init/entry.s            0x00000000   Number         0  entry9b.o ABSOLUTE
    ../clib/microlib/init/entry.s            0x00000000   Number         0  entry11b.o ABSOLUTE
    ../clib/microlib/init/entry.s            0x00000000   Number         0  entry.o ABSOLUTE
    ../clib/microlib/init/entry.s            0x00000000   Number         0  entry11a.o ABSOLUTE
    ../clib/microlib/init/entry.s            0x00000000   Number         0  entry10b.o ABSOLUTE
    ../clib/microlib/init/entry.s            0x00000000   Number         0  entry8b.o ABSOLUTE
    ../clib/microlib/init/entry.s            0x00000000   Number         0  entry10a.o ABSOLUTE
    ../clib/microlib/init/entry.s            0x00000000   Number         0  entry9a.o ABSOLUTE
    ../clib/microlib/init/entry.s            0x00000000   Number         0  entry8a.o ABSOLUTE
    ../clib/microlib/init/entry.s            0x00000000   Number         0  entry7a.o ABSOLUTE
    ../clib/microlib/init/entry.s            0x00000000   Number         0  entry5.o ABSOLUTE
    ../clib/microlib/init/entry.s            0x00000000   Number         0  entry2.o ABSOLUTE
    ../clib/microlib/init/entry.s            0x00000000   Number         0  entry7b.o ABSOLUTE
    ../clib/microlib/longlong.c              0x00000000   Number         0  llsshr.o ABSOLUTE
    ../clib/microlib/longlong.c              0x00000000   Number         0  llushr.o ABSOLUTE
    ../clib/microlib/longlong.c              0x00000000   Number         0  llshl.o ABSOLUTE
    ../clib/microlib/printf/printf.c         0x00000000   Number         0  printf8.o ABSOLUTE
    ../clib/microlib/printf/printf.c         0x00000000   Number         0  printf7.o ABSOLUTE
    ../clib/microlib/printf/printf.c         0x00000000   Number         0  printf5.o ABSOLUTE
    ../clib/microlib/printf/printf.c         0x00000000   Number         0  printf6.o ABSOLUTE
    ../clib/microlib/printf/printf.c         0x00000000   Number         0  printfb.o ABSOLUTE
    ../clib/microlib/printf/printf.c         0x00000000   Number         0  printf2.o ABSOLUTE
    ../clib/microlib/printf/printf.c         0x00000000   Number         0  printf0.o ABSOLUTE
    ../clib/microlib/printf/printf.c         0x00000000   Number         0  printf3.o ABSOLUTE
    ../clib/microlib/printf/printf.c         0x00000000   Number         0  printfa.o ABSOLUTE
    ../clib/microlib/printf/printf.c         0x00000000   Number         0  printf4.o ABSOLUTE
    ../clib/microlib/printf/printf.c         0x00000000   Number         0  printf1.o ABSOLUTE
    ../clib/microlib/printf/stubs.s          0x00000000   Number         0  stubs.o ABSOLUTE
    ../clib/microlib/stdio/streams.c         0x00000000   Number         0  stdout.o ABSOLUTE
    ../clib/microlib/string/memcpy.c         0x00000000   Number         0  memcpya.o ABSOLUTE
    ../clib/microlib/string/memcpy.c         0x00000000   Number         0  memcpyb.o ABSOLUTE
    ../clib/microlib/stubs.s                 0x00000000   Number         0  iusefp.o ABSOLUTE
    ../fplib/microlib/d2f.c                  0x00000000   Number         0  d2f.o ABSOLUTE
    ../fplib/microlib/f2d.c                  0x00000000   Number         0  f2d.o ABSOLUTE
    ../fplib/microlib/fpadd.c                0x00000000   Number         0  dadd.o ABSOLUTE
    ../fplib/microlib/fpadd.c                0x00000000   Number         0  fadd.o ABSOLUTE
    ../fplib/microlib/fpdiv.c                0x00000000   Number         0  ddiv.o ABSOLUTE
    ../fplib/microlib/fpdiv.c                0x00000000   Number         0  fdiv.o ABSOLUTE
    ../fplib/microlib/fpepilogue.c           0x00000000   Number         0  fepilogue.o ABSOLUTE
    ../fplib/microlib/fpepilogue.c           0x00000000   Number         0  depilogue.o ABSOLUTE
    ../fplib/microlib/fpfix.c                0x00000000   Number         0  dfixul.o ABSOLUTE
    ../fplib/microlib/fpfix.c                0x00000000   Number         0  ffixi.o ABSOLUTE
    ../fplib/microlib/fpflt.c                0x00000000   Number         0  dfltui.o ABSOLUTE
    ../fplib/microlib/fpflt.c                0x00000000   Number         0  dflti.o ABSOLUTE
    ../fplib/microlib/fpflt.c                0x00000000   Number         0  ffltui.o ABSOLUTE
    ../fplib/microlib/fpflt.c                0x00000000   Number         0  fflti.o ABSOLUTE
    ../fplib/microlib/fpmul.c                0x00000000   Number         0  fmul.o ABSOLUTE
    ../fplib/microlib/fpmul.c                0x00000000   Number         0  dmul.o ABSOLUTE
    ../fplib/microlib/fpscalb.c              0x00000000   Number         0  fscalb.o ABSOLUTE
    ../fplib/microlib/fpscalb.c              0x00000000   Number         0  dscalb.o ABSOLUTE
    ../fplib/microlib/fpsqrt.c               0x00000000   Number         0  dsqrt.o ABSOLUTE
    ../fplib/microlib/fpsqrt.c               0x00000000   Number         0  fsqrt.o ABSOLUTE
    ../mathlib/asinf.c                       0x00000000   Number         0  asinf_x.o ABSOLUTE
    ../mathlib/asinf.c                       0x00000000   Number         0  asinf.o ABSOLUTE
    ../mathlib/atan2f.c                      0x00000000   Number         0  atan2f.o ABSOLUTE
    ../mathlib/atan2f.c                      0x00000000   Number         0  atan2f_x.o ABSOLUTE
    ../mathlib/dunder.c                      0x00000000   Number         0  dunder.o ABSOLUTE
    ../mathlib/fpclassify.c                  0x00000000   Number         0  fpclassify.o ABSOLUTE
    ../mathlib/fpclassifyf.c                 0x00000000   Number         0  fpclassifyf.o ABSOLUTE
    ../mathlib/funder.c                      0x00000000   Number         0  funder.o ABSOLUTE
    ../mathlib/poly.c                        0x00000000   Number         0  poly.o ABSOLUTE
    ../mathlib/pow.c                         0x00000000   Number         0  pow.o ABSOLUTE
    ../mathlib/pow.c                         0x00000000   Number         0  pow_x.o ABSOLUTE
    ../mathlib/qnan.c                        0x00000000   Number         0  qnan.o ABSOLUTE
    ../mathlib/sqrt.c                        0x00000000   Number         0  sqrt_x.o ABSOLUTE
    ../mathlib/sqrt.c                        0x00000000   Number         0  sqrt.o ABSOLUTE
    ../mathlib/sqrtf.c                       0x00000000   Number         0  sqrtf_x.o ABSOLUTE
    ../mathlib/sqrtf.c                       0x00000000   Number         0  sqrtf.o ABSOLUTE
    ..\Drivers\STM32F1xx_HAL_Driver\Src\stm32f1xx_hal.c 0x00000000   Number         0  stm32f1xx_hal.o ABSOLUTE
    ..\Drivers\STM32F1xx_HAL_Driver\Src\stm32f1xx_hal_adc.c 0x00000000   Number         0  stm32f1xx_hal_adc.o ABSOLUTE
    ..\Drivers\STM32F1xx_HAL_Driver\Src\stm32f1xx_hal_adc_ex.c 0x00000000   Number         0  stm32f1xx_hal_adc_ex.o ABSOLUTE
    ..\Drivers\STM32F1xx_HAL_Driver\Src\stm32f1xx_hal_cortex.c 0x00000000   Number         0  stm32f1xx_hal_cortex.o ABSOLUTE
    ..\Drivers\STM32F1xx_HAL_Driver\Src\stm32f1xx_hal_dma.c 0x00000000   Number         0  stm32f1xx_hal_dma.o ABSOLUTE
    ..\Drivers\STM32F1xx_HAL_Driver\Src\stm32f1xx_hal_flash.c 0x00000000   Number         0  stm32f1xx_hal_flash.o ABSOLUTE
    ..\Drivers\STM32F1xx_HAL_Driver\Src\stm32f1xx_hal_flash_ex.c 0x00000000   Number         0  stm32f1xx_hal_flash_ex.o ABSOLUTE
    ..\Drivers\STM32F1xx_HAL_Driver\Src\stm32f1xx_hal_gpio.c 0x00000000   Number         0  stm32f1xx_hal_gpio.o ABSOLUTE
    ..\Drivers\STM32F1xx_HAL_Driver\Src\stm32f1xx_hal_gpio_ex.c 0x00000000   Number         0  stm32f1xx_hal_gpio_ex.o ABSOLUTE
    ..\Drivers\STM32F1xx_HAL_Driver\Src\stm32f1xx_hal_pwr.c 0x00000000   Number         0  stm32f1xx_hal_pwr.o ABSOLUTE
    ..\Drivers\STM32F1xx_HAL_Driver\Src\stm32f1xx_hal_rcc.c 0x00000000   Number         0  stm32f1xx_hal_rcc.o ABSOLUTE
    ..\Drivers\STM32F1xx_HAL_Driver\Src\stm32f1xx_hal_rcc_ex.c 0x00000000   Number         0  stm32f1xx_hal_rcc_ex.o ABSOLUTE
    ..\Drivers\STM32F1xx_HAL_Driver\Src\stm32f1xx_hal_spi.c 0x00000000   Number         0  stm32f1xx_hal_spi.o ABSOLUTE
    ..\Drivers\STM32F1xx_HAL_Driver\Src\stm32f1xx_hal_spi_ex.c 0x00000000   Number         0  stm32f1xx_hal_spi_ex.o ABSOLUTE
    ..\Drivers\STM32F1xx_HAL_Driver\Src\stm32f1xx_hal_tim.c 0x00000000   Number         0  stm32f1xx_hal_tim.o ABSOLUTE
    ..\Drivers\STM32F1xx_HAL_Driver\Src\stm32f1xx_hal_tim_ex.c 0x00000000   Number         0  stm32f1xx_hal_tim_ex.o ABSOLUTE
    ..\Drivers\STM32F1xx_HAL_Driver\Src\stm32f1xx_hal_uart.c 0x00000000   Number         0  stm32f1xx_hal_uart.o ABSOLUTE
    ..\Src\MadgwickAHRS.c                    0x00000000   Number         0  madgwickahrs.o ABSOLUTE
    ..\Src\adc.c                             0x00000000   Number         0  adc.o ABSOLUTE
    ..\Src\attitude.c                        0x00000000   Number         0  attitude.o ABSOLUTE
    ..\Src\ch_math.c                         0x00000000   Number         0  ch_math.o ABSOLUTE
    ..\Src\gpio.c                            0x00000000   Number         0  gpio.o ABSOLUTE
    ..\Src\main.c                            0x00000000   Number         0  main.o ABSOLUTE
    ..\Src\mpu9250.c                         0x00000000   Number         0  mpu9250.o ABSOLUTE
    ..\Src\spi.c                             0x00000000   Number         0  spi.o ABSOLUTE
    ..\Src\stm32f1xx_hal_msp.c               0x00000000   Number         0  stm32f1xx_hal_msp.o ABSOLUTE
    ..\Src\stm32f1xx_it.c                    0x00000000   Number         0  stm32f1xx_it.o ABSOLUTE
    ..\Src\system_stm32f1xx.c                0x00000000   Number         0  system_stm32f1xx.o ABSOLUTE
    ..\Src\tim.c                             0x00000000   Number         0  tim.o ABSOLUTE
    ..\Src\transmitter.c                     0x00000000   Number         0  transmitter.o ABSOLUTE
    ..\Src\usart.c                           0x00000000   Number         0  usart.o ABSOLUTE
    ..\\Src\\attitude.c                      0x00000000   Number         0  attitude.o ABSOLUTE
    ..\\Src\\mpu9250.c                       0x00000000   Number         0  mpu9250.o ABSOLUTE
    ..\\Src\\transmitter.c                   0x00000000   Number         0  transmitter.o ABSOLUTE
    cdcmple.s                                0x00000000   Number         0  cdcmple.o ABSOLUTE
    cdrcmple.s                               0x00000000   Number         0  cdrcmple.o ABSOLUTE
    dc.s                                     0x00000000   Number         0  dc.o ABSOLUTE
    handlers.s                               0x00000000   Number         0  handlers.o ABSOLUTE
    init.s                                   0x00000000   Number         0  init.o ABSOLUTE
    startup_stm32f103xb.s                    0x00000000   Number         0  startup_stm32f103xb.o ABSOLUTE
    RESET                                    0x08000000   Section      236  startup_stm32f103xb.o(RESET)
    .ARM.Collect$$$$00000000                 0x080000ec   Section        0  entry.o(.ARM.Collect$$$$00000000)
    .ARM.Collect$$$$00000001                 0x080000ec   Section        4  entry2.o(.ARM.Collect$$$$00000001)
    .ARM.Collect$$$$00000004                 0x080000f0   Section        4  entry5.o(.ARM.Collect$$$$00000004)
    .ARM.Collect$$$$00000008                 0x080000f4   Section        0  entry7b.o(.ARM.Collect$$$$00000008)
    .ARM.Collect$$$$0000000A                 0x080000f4   Section        0  entry8b.o(.ARM.Collect$$$$0000000A)
    .ARM.Collect$$$$0000000B                 0x080000f4   Section        8  entry9a.o(.ARM.Collect$$$$0000000B)
    .ARM.Collect$$$$0000000D                 0x080000fc   Section        0  entry10a.o(.ARM.Collect$$$$0000000D)
    .ARM.Collect$$$$0000000F                 0x080000fc   Section        0  entry11a.o(.ARM.Collect$$$$0000000F)
    .ARM.Collect$$$$00002712                 0x080000fc   Section        4  entry2.o(.ARM.Collect$$$$00002712)
    __lit__00000000                          0x080000fc   Data           4  entry2.o(.ARM.Collect$$$$00002712)
    .text                                    0x08000100   Section       36  startup_stm32f103xb.o(.text)
    .text                                    0x08000124   Section        0  llushr.o(.text)
    .text                                    0x08000144   Section        0  memcpya.o(.text)
    .text                                    0x08000168   Section        0  fadd.o(.text)
    .text                                    0x08000218   Section        0  fmul.o(.text)
    .text                                    0x0800027c   Section        0  fdiv.o(.text)
    .text                                    0x080002f8   Section        0  fscalb.o(.text)
    .text                                    0x08000310   Section        0  dadd.o(.text)
    .text                                    0x0800045e   Section        0  dscalb.o(.text)
    .text                                    0x0800048c   Section        0  fflti.o(.text)
    .text                                    0x0800049e   Section        0  ffltui.o(.text)
    .text                                    0x080004a8   Section        0  dflti.o(.text)
    .text                                    0x080004ca   Section        0  f2d.o(.text)
    .text                                    0x080004f0   Section        0  d2f.o(.text)
    .text                                    0x08000528   Section        0  llshl.o(.text)
    .text                                    0x08000546   Section        0  llsshr.o(.text)
    .text                                    0x0800056a   Section        0  iusefp.o(.text)
    .text                                    0x0800056a   Section        0  fepilogue.o(.text)
    .text                                    0x080005d8   Section        0  depilogue.o(.text)
    .text                                    0x08000694   Section       36  init.o(.text)
    .text                                    0x080006b8   Section        0  fsqrt.o(.text)
    i.ADC_ConversionStop_Disable             0x08000718   Section        0  stm32f1xx_hal_adc.o(i.ADC_ConversionStop_Disable)
    i.BusFault_Handler                       0x08000764   Section        0  stm32f1xx_it.o(i.BusFault_Handler)
    i.DebugMon_Handler                       0x08000766   Section        0  stm32f1xx_it.o(i.DebugMon_Handler)
    i.HAL_ADC_ConfigChannel                  0x08000768   Section        0  stm32f1xx_hal_adc.o(i.HAL_ADC_ConfigChannel)
    i.HAL_ADC_Init                           0x08000864   Section        0  stm32f1xx_hal_adc.o(i.HAL_ADC_Init)
    i.HAL_ADC_MspInit                        0x08000980   Section        0  adc.o(i.HAL_ADC_MspInit)
    i.HAL_Delay                              0x080009f4   Section        0  stm32f1xx_hal.o(i.HAL_Delay)
    i.HAL_GPIO_Init                          0x08000a18   Section        0  stm32f1xx_hal_gpio.o(i.HAL_GPIO_Init)
    i.HAL_GPIO_WritePin                      0x08000bd4   Section        0  stm32f1xx_hal_gpio.o(i.HAL_GPIO_WritePin)
    i.HAL_GetTick                            0x08000be0   Section        0  stm32f1xx_hal.o(i.HAL_GetTick)
    i.HAL_IncTick                            0x08000bec   Section        0  stm32f1xx_hal.o(i.HAL_IncTick)
    i.HAL_Init                               0x08000bfc   Section        0  stm32f1xx_hal.o(i.HAL_Init)
    i.HAL_InitTick                           0x08000c20   Section        0  stm32f1xx_hal.o(i.HAL_InitTick)
    i.HAL_MspInit                            0x08000c60   Section        0  stm32f1xx_hal_msp.o(i.HAL_MspInit)
    i.HAL_NVIC_EnableIRQ                     0x08000ce0   Section        0  stm32f1xx_hal_cortex.o(i.HAL_NVIC_EnableIRQ)
    i.HAL_NVIC_SetPriority                   0x08000cf8   Section        0  stm32f1xx_hal_cortex.o(i.HAL_NVIC_SetPriority)
    i.HAL_NVIC_SetPriorityGrouping           0x08000d38   Section        0  stm32f1xx_hal_cortex.o(i.HAL_NVIC_SetPriorityGrouping)
    i.HAL_RCCEx_PeriphCLKConfig              0x08000d5c   Section        0  stm32f1xx_hal_rcc_ex.o(i.HAL_RCCEx_PeriphCLKConfig)
    i.HAL_RCC_ClockConfig                    0x08000e48   Section        0  stm32f1xx_hal_rcc.o(i.HAL_RCC_ClockConfig)
    i.HAL_RCC_GetHCLKFreq                    0x08000f9c   Section        0  stm32f1xx_hal_rcc.o(i.HAL_RCC_GetHCLKFreq)
    i.HAL_RCC_GetPCLK1Freq                   0x08000fa8   Section        0  stm32f1xx_hal_rcc.o(i.HAL_RCC_GetPCLK1Freq)
    i.HAL_RCC_GetPCLK2Freq                   0x08000fc8   Section        0  stm32f1xx_hal_rcc.o(i.HAL_RCC_GetPCLK2Freq)
    i.HAL_RCC_GetSysClockFreq                0x08000fe8   Section        0  stm32f1xx_hal_rcc.o(i.HAL_RCC_GetSysClockFreq)
    i.HAL_RCC_OscConfig                      0x08001054   Section        0  stm32f1xx_hal_rcc.o(i.HAL_RCC_OscConfig)
    i.HAL_SPI_Init                           0x08001358   Section        0  stm32f1xx_hal_spi_ex.o(i.HAL_SPI_Init)
    i.HAL_SPI_MspInit                        0x080013dc   Section        0  spi.o(i.HAL_SPI_MspInit)
    i.HAL_SPI_Transmit                       0x08001434   Section        0  stm32f1xx_hal_spi.o(i.HAL_SPI_Transmit)
    i.HAL_SYSTICK_CLKSourceConfig            0x0800159c   Section        0  stm32f1xx_hal_cortex.o(i.HAL_SYSTICK_CLKSourceConfig)
    i.HAL_SYSTICK_Callback                   0x080015b4   Section        0  stm32f1xx_hal_cortex.o(i.HAL_SYSTICK_Callback)
    i.HAL_SYSTICK_Config                     0x080015b6   Section        0  stm32f1xx_hal_cortex.o(i.HAL_SYSTICK_Config)
    i.HAL_SYSTICK_IRQHandler                 0x080015de   Section        0  stm32f1xx_hal_cortex.o(i.HAL_SYSTICK_IRQHandler)
    i.HAL_TIMEx_BreakCallback                0x080015e6   Section        0  stm32f1xx_hal_tim_ex.o(i.HAL_TIMEx_BreakCallback)
    i.HAL_TIMEx_CommutationCallback          0x080015e8   Section        0  stm32f1xx_hal_tim_ex.o(i.HAL_TIMEx_CommutationCallback)
    i.HAL_TIMEx_MasterConfigSynchronization  0x080015ea   Section        0  stm32f1xx_hal_tim_ex.o(i.HAL_TIMEx_MasterConfigSynchronization)
    i.HAL_TIM_Base_Init                      0x0800163a   Section        0  stm32f1xx_hal_tim.o(i.HAL_TIM_Base_Init)
    i.HAL_TIM_Base_MspInit                   0x08001670   Section        0  tim.o(i.HAL_TIM_Base_MspInit)
    i.HAL_TIM_Base_Start_IT                  0x080016a8   Section        0  stm32f1xx_hal_tim.o(i.HAL_TIM_Base_Start_IT)
    i.HAL_TIM_ConfigClockSource              0x080016c0   Section        0  stm32f1xx_hal_tim.o(i.HAL_TIM_ConfigClockSource)
    i.HAL_TIM_IC_CaptureCallback             0x080017b2   Section        0  stm32f1xx_hal_tim.o(i.HAL_TIM_IC_CaptureCallback)
    i.HAL_TIM_IRQHandler                     0x080017b4   Section        0  stm32f1xx_hal_tim.o(i.HAL_TIM_IRQHandler)
    i.HAL_TIM_OC_DelayElapsedCallback        0x0800191a   Section        0  stm32f1xx_hal_tim.o(i.HAL_TIM_OC_DelayElapsedCallback)
    i.HAL_TIM_PWM_PulseFinishedCallback      0x0800191c   Section        0  stm32f1xx_hal_tim.o(i.HAL_TIM_PWM_PulseFinishedCallback)
    i.HAL_TIM_PeriodElapsedCallback          0x08001920   Section        0  main.o(i.HAL_TIM_PeriodElapsedCallback)
    i.HAL_TIM_TriggerCallback                0x08001944   Section        0  stm32f1xx_hal_tim.o(i.HAL_TIM_TriggerCallback)
    i.HAL_UART_Init                          0x08001946   Section        0  stm32f1xx_hal_uart.o(i.HAL_UART_Init)
    i.HAL_UART_MspInit                       0x080019a8   Section        0  usart.o(i.HAL_UART_MspInit)
    i.HAL_UART_Transmit                      0x08001a00   Section        0  stm32f1xx_hal_uart.o(i.HAL_UART_Transmit)
    i.HardFault_Handler                      0x08001aba   Section        0  stm32f1xx_it.o(i.HardFault_Handler)
    i.MX_ADC1_Init                           0x08001abc   Section        0  adc.o(i.MX_ADC1_Init)
    i.MX_ADC2_Init                           0x08001b08   Section        0  adc.o(i.MX_ADC2_Init)
    i.MX_GPIO_Init                           0x08001b68   Section        0  gpio.o(i.MX_GPIO_Init)
    i.MX_SPI2_Init                           0x08001c24   Section        0  spi.o(i.MX_SPI2_Init)
    i.MX_TIM2_Init                           0x08001c80   Section        0  tim.o(i.MX_TIM2_Init)
    i.MX_USART1_UART_Init                    0x08001cf4   Section        0  usart.o(i.MX_USART1_UART_Init)
    i.MadgwickAHRSupdateIMU                  0x08001d40   Section        0  madgwickahrs.o(i.MadgwickAHRSupdateIMU)
    i.MemManage_Handler                      0x080021c4   Section        0  stm32f1xx_it.o(i.MemManage_Handler)
    i.NMI_Handler                            0x080021c6   Section        0  stm32f1xx_it.o(i.NMI_Handler)
    i.NVIC_SetPriority                       0x080021c8   Section        0  stm32f1xx_hal_cortex.o(i.NVIC_SetPriority)
    NVIC_SetPriority                         0x080021c9   Thumb Code    32  stm32f1xx_hal_cortex.o(i.NVIC_SetPriority)
    i.PendSV_Handler                         0x080021e8   Section        0  stm32f1xx_it.o(i.PendSV_Handler)
    i.SPI_CheckFlag_BSY                      0x080021ea   Section        0  stm32f1xx_hal_spi.o(i.SPI_CheckFlag_BSY)
    SPI_CheckFlag_BSY                        0x080021eb   Thumb Code    32  stm32f1xx_hal_spi.o(i.SPI_CheckFlag_BSY)
    i.SPI_RW                                 0x0800220a   Section        0  mpu9250.o(i.SPI_RW)
    i.SPI_WaitFlagStateUntilTimeout          0x0800221e   Section        0  stm32f1xx_hal_spi.o(i.SPI_WaitFlagStateUntilTimeout)
    SPI_WaitFlagStateUntilTimeout            0x0800221f   Thumb Code   150  stm32f1xx_hal_spi.o(i.SPI_WaitFlagStateUntilTimeout)
    i.SVC_Handler                            0x080022b4   Section        0  stm32f1xx_it.o(i.SVC_Handler)
    i.SysTick_Handler                        0x080022b6   Section        0  stm32f1xx_it.o(i.SysTick_Handler)
    i.SystemClock_Config                     0x080022c4   Section        0  main.o(i.SystemClock_Config)
    i.SystemInit                             0x08002340   Section        0  system_stm32f1xx.o(i.SystemInit)
    i.TIM2_IRQHandler                        0x08002388   Section        0  stm32f1xx_it.o(i.TIM2_IRQHandler)
    i.TIM_Base_SetConfig                     0x08002394   Section        0  stm32f1xx_hal_tim.o(i.TIM_Base_SetConfig)
    i.TIM_ETR_SetConfig                      0x08002400   Section        0  stm32f1xx_hal_tim.o(i.TIM_ETR_SetConfig)
    TIM_ETR_SetConfig                        0x08002401   Thumb Code    20  stm32f1xx_hal_tim.o(i.TIM_ETR_SetConfig)
    i.TIM_ITRx_SetConfig                     0x08002414   Section        0  stm32f1xx_hal_tim.o(i.TIM_ITRx_SetConfig)
    TIM_ITRx_SetConfig                       0x08002415   Thumb Code    16  stm32f1xx_hal_tim.o(i.TIM_ITRx_SetConfig)
    i.TIM_TI1_ConfigInputStage               0x08002424   Section        0  stm32f1xx_hal_tim.o(i.TIM_TI1_ConfigInputStage)
    TIM_TI1_ConfigInputStage                 0x08002425   Thumb Code    34  stm32f1xx_hal_tim.o(i.TIM_TI1_ConfigInputStage)
    i.TIM_TI2_ConfigInputStage               0x08002446   Section        0  stm32f1xx_hal_tim.o(i.TIM_TI2_ConfigInputStage)
    TIM_TI2_ConfigInputStage                 0x08002447   Thumb Code    36  stm32f1xx_hal_tim.o(i.TIM_TI2_ConfigInputStage)
    i.UART_SetConfig                         0x0800246c   Section        0  stm32f1xx_hal_uart.o(i.UART_SetConfig)
    UART_SetConfig                           0x0800246d   Thumb Code   364  stm32f1xx_hal_uart.o(i.UART_SetConfig)
    i.UART_WaitOnFlagUntilTimeout            0x080025dc   Section        0  stm32f1xx_hal_uart.o(i.UART_WaitOnFlagUntilTimeout)
    UART_WaitOnFlagUntilTimeout              0x080025dd   Thumb Code   100  stm32f1xx_hal_uart.o(i.UART_WaitOnFlagUntilTimeout)
    i.UsageFault_Handler                     0x08002640   Section        0  stm32f1xx_it.o(i.UsageFault_Handler)
    i._Error_Handler                         0x08002642   Section        0  main.o(i._Error_Handler)
    i.__ARM_fpclassifyf                      0x08002644   Section        0  fpclassifyf.o(i.__ARM_fpclassifyf)
    i.__mathlib_flt_infnan                   0x0800266a   Section        0  funder.o(i.__mathlib_flt_infnan)
    i.__mathlib_flt_infnan2                  0x08002670   Section        0  funder.o(i.__mathlib_flt_infnan2)
    i.__mathlib_flt_invalid                  0x08002674   Section        0  funder.o(i.__mathlib_flt_invalid)
    i.__mathlib_flt_underflow                0x0800267c   Section        0  funder.o(i.__mathlib_flt_underflow)
    i.__scatterload_copy                     0x08002686   Section       14  handlers.o(i.__scatterload_copy)
    i.__scatterload_null                     0x08002694   Section        2  handlers.o(i.__scatterload_null)
    i.__scatterload_zeroinit                 0x08002696   Section       14  handlers.o(i.__scatterload_zeroinit)
    i.__set_errno                            0x080026a4   Section        0  errno.o(i.__set_errno)
    i.ak8963WhoAmI_SPI                       0x080026b0   Section        0  mpu9250.o(i.ak8963WhoAmI_SPI)
    i.asinf                                  0x08002714   Section        0  asinf.o(i.asinf)
    i.atan2f                                 0x08002838   Section        0  atan2f.o(i.atan2f)
    i.attitude_init                          0x08002a94   Section        0  attitude.o(i.attitude_init)
    i.attitude_updata                        0x08002aa4   Section        0  attitude.o(i.attitude_updata)
    i.getAres                                0x08002b30   Section        0  mpu9250.o(i.getAres)
    i.getGres                                0x08002b60   Section        0  mpu9250.o(i.getGres)
    i.getMres                                0x08002b98   Section        0  mpu9250.o(i.getMres)
    i.get_acc                                0x08002bb8   Section        0  attitude.o(i.get_acc)
    i.get_gyro                               0x08002bc8   Section        0  attitude.o(i.get_gyro)
    i.get_quat                               0x08002bd8   Section        0  attitude.o(i.get_quat)
    i.imu_cs_disable                         0x08002be8   Section        0  gpio.o(i.imu_cs_disable)
    i.imu_cs_enable                          0x08002bf8   Section        0  gpio.o(i.imu_cs_enable)
    i.initAK8963                             0x08002c08   Section        0  mpu9250.o(i.initAK8963)
    i.initMPU9250                            0x08002ccc   Section        0  mpu9250.o(i.initMPU9250)
    i.invSqrt                                0x08002d78   Section        0  madgwickahrs.o(i.invSqrt)
    i.kickHardware                           0x08002dac   Section        0  mpu9250.o(i.kickHardware)
    i.led_off                                0x08002dc8   Section        0  gpio.o(i.led_off)
    i.magInit                                0x08002dd8   Section        0  mpu9250.o(i.magInit)
    i.main                                   0x08002e70   Section        0  main.o(i.main)
    i.mpu9250_init                           0x08002ee8   Section        0  mpu9250.o(i.mpu9250_init)
    i.mpu9250_read_all                       0x08002f10   Section        0  mpu9250.o(i.mpu9250_read_all)
    i.quat2euler                             0x08002f90   Section        0  attitude.o(i.quat2euler)
    i.readAccelData                          0x08003094   Section        0  mpu9250.o(i.readAccelData)
    i.readByte                               0x080030c0   Section        0  mpu9250.o(i.readByte)
    i.readByteSPI                            0x080030f0   Section        0  mpu9250.o(i.readByteSPI)
    i.readBytes                              0x080030fc   Section        0  mpu9250.o(i.readBytes)
    i.readGyroData                           0x0800313c   Section        0  mpu9250.o(i.readGyroData)
    i.read_imu_data                          0x08003168   Section        0  attitude.o(i.read_imu_data)
    i.reset_test_flag                        0x080031d0   Section        0  gpio.o(i.reset_test_flag)
    i.send_byte                              0x080031e0   Section        0  usart.o(i.send_byte)
    i.send_msg                               0x080031f4   Section        0  transmitter.o(i.send_msg)
    i.set_test_flag                          0x08003218   Section        0  gpio.o(i.set_test_flag)
    i.sqrtf                                  0x08003228   Section        0  sqrtf.o(i.sqrtf)
    i.transmitter_init                       0x08003254   Section        0  transmitter.o(i.transmitter_init)
    i.transmitter_send_imu_data              0x08003270   Section        0  transmitter.o(i.transmitter_send_imu_data)
    i.vec_times                              0x080032c0   Section        0  ch_math.o(i.vec_times)
    i.writeByte                              0x080032f4   Section        0  mpu9250.o(i.writeByte)
    i.writeByteSPI                           0x08003320   Section        0  mpu9250.o(i.writeByteSPI)
    .constdata                               0x0800334c   Section       16  system_stm32f1xx.o(.constdata)
    .constdata                               0x0800335c   Section        8  system_stm32f1xx.o(.constdata)
    .data                                    0x20000000   Section        1  attitude.o(.data)
    .data                                    0x20000004   Section       20  madgwickahrs.o(.data)
    .data                                    0x20000018   Section       40  mpu9250.o(.data)
    .data                                    0x20000040   Section       12  stm32f1xx_hal.o(.data)
    .data                                    0x2000004c   Section        4  system_stm32f1xx.o(.data)
    .data                                    0x20000050   Section        4  errno.o(.data)
    _errno                                   0x20000050   Data           4  errno.o(.data)
    .bss                                     0x20000054   Section       88  spi.o(.bss)
    .bss                                     0x200000ac   Section       96  adc.o(.bss)
    .bss                                     0x2000010c   Section       64  usart.o(.bss)
    .bss                                     0x2000014c   Section       64  tim.o(.bss)
    .bss                                     0x2000018c   Section       76  attitude.o(.bss)
    .bss                                     0x200001d8   Section     1024  transmitter.o(.bss)
    .bss                                     0x200005d8   Section       24  mpu9250.o(.bss)
    STACK                                    0x200005f0   Section     1024  startup_stm32f103xb.o(STACK)

    Global Symbols

    Symbol Name                              Value     Ov Type        Size  Object(Section)

    BuildAttributes$$THM_ISAv4$P$D$K$B$S$PE$A:L22UL41UL21$X:L11$S22US41US21$IEEE1$IW$USESV6$~STKCKD$USESV7$~SHL$OTIME$ROPI$IEEEX$EBA8$MICROLIB$REQ8$PRES8$EABIv2 0x00000000   Number         0  anon$$obj.o ABSOLUTE
    __ARM_use_no_argv                        0x00000000   Number         0  main.o ABSOLUTE
    _printf_a                                0x00000000   Number         0  stubs.o ABSOLUTE
    _printf_c                                0x00000000   Number         0  stubs.o ABSOLUTE
    _printf_charcount                        0x00000000   Number         0  stubs.o ABSOLUTE
    _printf_d                                0x00000000   Number         0  stubs.o ABSOLUTE
    _printf_e                                0x00000000   Number         0  stubs.o ABSOLUTE
    _printf_f                                0x00000000   Number         0  stubs.o ABSOLUTE
    _printf_flags                            0x00000000   Number         0  stubs.o ABSOLUTE
    _printf_fp_dec                           0x00000000   Number         0  stubs.o ABSOLUTE
    _printf_fp_hex                           0x00000000   Number         0  stubs.o ABSOLUTE
    _printf_g                                0x00000000   Number         0  stubs.o ABSOLUTE
    _printf_i                                0x00000000   Number         0  stubs.o ABSOLUTE
    _printf_int_dec                          0x00000000   Number         0  stubs.o ABSOLUTE
    _printf_l                                0x00000000   Number         0  stubs.o ABSOLUTE
    _printf_lc                               0x00000000   Number         0  stubs.o ABSOLUTE
    _printf_ll                               0x00000000   Number         0  stubs.o ABSOLUTE
    _printf_lld                              0x00000000   Number         0  stubs.o ABSOLUTE
    _printf_lli                              0x00000000   Number         0  stubs.o ABSOLUTE
    _printf_llo                              0x00000000   Number         0  stubs.o ABSOLUTE
    _printf_llu                              0x00000000   Number         0  stubs.o ABSOLUTE
    _printf_llx                              0x00000000   Number         0  stubs.o ABSOLUTE
    _printf_longlong_dec                     0x00000000   Number         0  stubs.o ABSOLUTE
    _printf_longlong_hex                     0x00000000   Number         0  stubs.o ABSOLUTE
    _printf_longlong_oct                     0x00000000   Number         0  stubs.o ABSOLUTE
    _printf_ls                               0x00000000   Number         0  stubs.o ABSOLUTE
    _printf_mbtowc                           0x00000000   Number         0  stubs.o ABSOLUTE
    _printf_n                                0x00000000   Number         0  stubs.o ABSOLUTE
    _printf_o                                0x00000000   Number         0  stubs.o ABSOLUTE
    _printf_p                                0x00000000   Number         0  stubs.o ABSOLUTE
    _printf_percent                          0x00000000   Number         0  stubs.o ABSOLUTE
    _printf_pre_padding                      0x00000000   Number         0  stubs.o ABSOLUTE
    _printf_return_value                     0x00000000   Number         0  stubs.o ABSOLUTE
    _printf_s                                0x00000000   Number         0  stubs.o ABSOLUTE
    _printf_sizespec                         0x00000000   Number         0  stubs.o ABSOLUTE
    _printf_str                              0x00000000   Number         0  stubs.o ABSOLUTE
    _printf_truncate_signed                  0x00000000   Number         0  stubs.o ABSOLUTE
    _printf_truncate_unsigned                0x00000000   Number         0  stubs.o ABSOLUTE
    _printf_u                                0x00000000   Number         0  stubs.o ABSOLUTE
    _printf_wc                               0x00000000   Number         0  stubs.o ABSOLUTE
    _printf_wctomb                           0x00000000   Number         0  stubs.o ABSOLUTE
    _printf_widthprec                        0x00000000   Number         0  stubs.o ABSOLUTE
    _printf_x                                0x00000000   Number         0  stubs.o ABSOLUTE
    __cpp_initialize__aeabi_                  - Undefined Weak Reference
    __cxa_finalize                            - Undefined Weak Reference
    __decompress                              - Undefined Weak Reference
    _clock_init                               - Undefined Weak Reference
    _microlib_exit                            - Undefined Weak Reference
    __Vectors_Size                           0x000000ec   Number         0  startup_stm32f103xb.o ABSOLUTE
    __Vectors                                0x08000000   Data           4  startup_stm32f103xb.o(RESET)
    __Vectors_End                            0x080000ec   Data           0  startup_stm32f103xb.o(RESET)
    __main                                   0x080000ed   Thumb Code     0  entry.o(.ARM.Collect$$$$00000000)
    _main_stk                                0x080000ed   Thumb Code     0  entry2.o(.ARM.Collect$$$$00000001)
    _main_scatterload                        0x080000f1   Thumb Code     0  entry5.o(.ARM.Collect$$$$00000004)
    __main_after_scatterload                 0x080000f5   Thumb Code     0  entry5.o(.ARM.Collect$$$$00000004)
    _main_clock                              0x080000f5   Thumb Code     0  entry7b.o(.ARM.Collect$$$$00000008)
    _main_cpp_init                           0x080000f5   Thumb Code     0  entry8b.o(.ARM.Collect$$$$0000000A)
    _main_init                               0x080000f5   Thumb Code     0  entry9a.o(.ARM.Collect$$$$0000000B)
    __rt_final_cpp                           0x080000fd   Thumb Code     0  entry10a.o(.ARM.Collect$$$$0000000D)
    __rt_final_exit                          0x080000fd   Thumb Code     0  entry11a.o(.ARM.Collect$$$$0000000F)
    Reset_Handler                            0x08000101   Thumb Code     8  startup_stm32f103xb.o(.text)
    ADC1_2_IRQHandler                        0x0800011b   Thumb Code     0  startup_stm32f103xb.o(.text)
    CAN1_RX1_IRQHandler                      0x0800011b   Thumb Code     0  startup_stm32f103xb.o(.text)
    CAN1_SCE_IRQHandler                      0x0800011b   Thumb Code     0  startup_stm32f103xb.o(.text)
    DMA1_Channel1_IRQHandler                 0x0800011b   Thumb Code     0  startup_stm32f103xb.o(.text)
    DMA1_Channel2_IRQHandler                 0x0800011b   Thumb Code     0  startup_stm32f103xb.o(.text)
    DMA1_Channel3_IRQHandler                 0x0800011b   Thumb Code     0  startup_stm32f103xb.o(.text)
    DMA1_Channel4_IRQHandler                 0x0800011b   Thumb Code     0  startup_stm32f103xb.o(.text)
    DMA1_Channel5_IRQHandler                 0x0800011b   Thumb Code     0  startup_stm32f103xb.o(.text)
    DMA1_Channel6_IRQHandler                 0x0800011b   Thumb Code     0  startup_stm32f103xb.o(.text)
    DMA1_Channel7_IRQHandler                 0x0800011b   Thumb Code     0  startup_stm32f103xb.o(.text)
    EXTI0_IRQHandler                         0x0800011b   Thumb Code     0  startup_stm32f103xb.o(.text)
    EXTI15_10_IRQHandler                     0x0800011b   Thumb Code     0  startup_stm32f103xb.o(.text)
    EXTI1_IRQHandler                         0x0800011b   Thumb Code     0  startup_stm32f103xb.o(.text)
    EXTI2_IRQHandler                         0x0800011b   Thumb Code     0  startup_stm32f103xb.o(.text)
    EXTI3_IRQHandler                         0x0800011b   Thumb Code     0  startup_stm32f103xb.o(.text)
    EXTI4_IRQHandler                         0x0800011b   Thumb Code     0  startup_stm32f103xb.o(.text)
    EXTI9_5_IRQHandler                       0x0800011b   Thumb Code     0  startup_stm32f103xb.o(.text)
    FLASH_IRQHandler                         0x0800011b   Thumb Code     0  startup_stm32f103xb.o(.text)
    I2C1_ER_IRQHandler                       0x0800011b   Thumb Code     0  startup_stm32f103xb.o(.text)
    I2C1_EV_IRQHandler                       0x0800011b   Thumb Code     0  startup_stm32f103xb.o(.text)
    I2C2_ER_IRQHandler                       0x0800011b   Thumb Code     0  startup_stm32f103xb.o(.text)
    I2C2_EV_IRQHandler                       0x0800011b   Thumb Code     0  startup_stm32f103xb.o(.text)
    PVD_IRQHandler                           0x0800011b   Thumb Code     0  startup_stm32f103xb.o(.text)
    RCC_IRQHandler                           0x0800011b   Thumb Code     0  startup_stm32f103xb.o(.text)
    RTC_Alarm_IRQHandler                     0x0800011b   Thumb Code     0  startup_stm32f103xb.o(.text)
    RTC_IRQHandler                           0x0800011b   Thumb Code     0  startup_stm32f103xb.o(.text)
    SPI1_IRQHandler                          0x0800011b   Thumb Code     0  startup_stm32f103xb.o(.text)
    SPI2_IRQHandler                          0x0800011b   Thumb Code     0  startup_stm32f103xb.o(.text)
    TAMPER_IRQHandler                        0x0800011b   Thumb Code     0  startup_stm32f103xb.o(.text)
    TIM1_BRK_IRQHandler                      0x0800011b   Thumb Code     0  startup_stm32f103xb.o(.text)
    TIM1_CC_IRQHandler                       0x0800011b   Thumb Code     0  startup_stm32f103xb.o(.text)
    TIM1_TRG_COM_IRQHandler                  0x0800011b   Thumb Code     0  startup_stm32f103xb.o(.text)
    TIM1_UP_IRQHandler                       0x0800011b   Thumb Code     0  startup_stm32f103xb.o(.text)
    TIM3_IRQHandler                          0x0800011b   Thumb Code     0  startup_stm32f103xb.o(.text)
    TIM4_IRQHandler                          0x0800011b   Thumb Code     0  startup_stm32f103xb.o(.text)
    USART1_IRQHandler                        0x0800011b   Thumb Code     0  startup_stm32f103xb.o(.text)
    USART2_IRQHandler                        0x0800011b   Thumb Code     0  startup_stm32f103xb.o(.text)
    USART3_IRQHandler                        0x0800011b   Thumb Code     0  startup_stm32f103xb.o(.text)
    USBWakeUp_IRQHandler                     0x0800011b   Thumb Code     0  startup_stm32f103xb.o(.text)
    USB_HP_CAN1_TX_IRQHandler                0x0800011b   Thumb Code     0  startup_stm32f103xb.o(.text)
    USB_LP_CAN1_RX0_IRQHandler               0x0800011b   Thumb Code     0  startup_stm32f103xb.o(.text)
    WWDG_IRQHandler                          0x0800011b   Thumb Code     0  startup_stm32f103xb.o(.text)
    __aeabi_llsr                             0x08000125   Thumb Code    32  llushr.o(.text)
    _ll_ushift_r                             0x08000125   Thumb Code     0  llushr.o(.text)
    __aeabi_memcpy                           0x08000145   Thumb Code    36  memcpya.o(.text)
    __aeabi_memcpy4                          0x08000145   Thumb Code     0  memcpya.o(.text)
    __aeabi_memcpy8                          0x08000145   Thumb Code     0  memcpya.o(.text)
    __aeabi_fadd                             0x08000169   Thumb Code   164  fadd.o(.text)
    __aeabi_fsub                             0x0800020d   Thumb Code     6  fadd.o(.text)
    __aeabi_frsub                            0x08000213   Thumb Code     6  fadd.o(.text)
    __aeabi_fmul                             0x08000219   Thumb Code   100  fmul.o(.text)
    __aeabi_fdiv                             0x0800027d   Thumb Code   124  fdiv.o(.text)
    __ARM_scalbnf                            0x080002f9   Thumb Code    24  fscalb.o(.text)
    scalbnf                                  0x080002f9   Thumb Code     0  fscalb.o(.text)
    __aeabi_dadd                             0x08000311   Thumb Code   322  dadd.o(.text)
    __aeabi_dsub                             0x08000453   Thumb Code     6  dadd.o(.text)
    __aeabi_drsub                            0x08000459   Thumb Code     6  dadd.o(.text)
    __ARM_scalbn                             0x0800045f   Thumb Code    46  dscalb.o(.text)
    scalbn                                   0x0800045f   Thumb Code     0  dscalb.o(.text)
    __aeabi_i2f                              0x0800048d   Thumb Code    18  fflti.o(.text)
    __aeabi_ui2f                             0x0800049f   Thumb Code    10  ffltui.o(.text)
    __aeabi_i2d                              0x080004a9   Thumb Code    34  dflti.o(.text)
    __aeabi_f2d                              0x080004cb   Thumb Code    38  f2d.o(.text)
    __aeabi_d2f                              0x080004f1   Thumb Code    56  d2f.o(.text)
    __aeabi_llsl                             0x08000529   Thumb Code    30  llshl.o(.text)
    _ll_shift_l                              0x08000529   Thumb Code     0  llshl.o(.text)
    __aeabi_lasr                             0x08000547   Thumb Code    36  llsshr.o(.text)
    _ll_sshift_r                             0x08000547   Thumb Code     0  llsshr.o(.text)
    __I$use$fp                               0x0800056b   Thumb Code     0  iusefp.o(.text)
    _float_round                             0x0800056b   Thumb Code    18  fepilogue.o(.text)
    _float_epilogue                          0x0800057d   Thumb Code    92  fepilogue.o(.text)
    _double_round                            0x080005d9   Thumb Code    30  depilogue.o(.text)
    _double_epilogue                         0x080005f7   Thumb Code   156  depilogue.o(.text)
    __scatterload                            0x08000695   Thumb Code    28  init.o(.text)
    __scatterload_rt2                        0x08000695   Thumb Code     0  init.o(.text)
    _fsqrt                                   0x080006b9   Thumb Code    94  fsqrt.o(.text)
    ADC_ConversionStop_Disable               0x08000719   Thumb Code    76  stm32f1xx_hal_adc.o(i.ADC_ConversionStop_Disable)
    BusFault_Handler                         0x08000765   Thumb Code     2  stm32f1xx_it.o(i.BusFault_Handler)
    DebugMon_Handler                         0x08000767   Thumb Code     2  stm32f1xx_it.o(i.DebugMon_Handler)
    HAL_ADC_ConfigChannel                    0x08000769   Thumb Code   240  stm32f1xx_hal_adc.o(i.HAL_ADC_ConfigChannel)
    HAL_ADC_Init                             0x08000865   Thumb Code   272  stm32f1xx_hal_adc.o(i.HAL_ADC_Init)
    HAL_ADC_MspInit                          0x08000981   Thumb Code    94  adc.o(i.HAL_ADC_MspInit)
    HAL_Delay                                0x080009f5   Thumb Code    32  stm32f1xx_hal.o(i.HAL_Delay)
    HAL_GPIO_Init                            0x08000a19   Thumb Code   408  stm32f1xx_hal_gpio.o(i.HAL_GPIO_Init)
    HAL_GPIO_WritePin                        0x08000bd5   Thumb Code    10  stm32f1xx_hal_gpio.o(i.HAL_GPIO_WritePin)
    HAL_GetTick                              0x08000be1   Thumb Code     6  stm32f1xx_hal.o(i.HAL_GetTick)
    HAL_IncTick                              0x08000bed   Thumb Code    12  stm32f1xx_hal.o(i.HAL_IncTick)
    HAL_Init                                 0x08000bfd   Thumb Code    32  stm32f1xx_hal.o(i.HAL_Init)
    HAL_InitTick                             0x08000c21   Thumb Code    54  stm32f1xx_hal.o(i.HAL_InitTick)
    HAL_MspInit                              0x08000c61   Thumb Code   118  stm32f1xx_hal_msp.o(i.HAL_MspInit)
    HAL_NVIC_EnableIRQ                       0x08000ce1   Thumb Code    22  stm32f1xx_hal_cortex.o(i.HAL_NVIC_EnableIRQ)
    HAL_NVIC_SetPriority                     0x08000cf9   Thumb Code    60  stm32f1xx_hal_cortex.o(i.HAL_NVIC_SetPriority)
    HAL_NVIC_SetPriorityGrouping             0x08000d39   Thumb Code    26  stm32f1xx_hal_cortex.o(i.HAL_NVIC_SetPriorityGrouping)
    HAL_RCCEx_PeriphCLKConfig                0x08000d5d   Thumb Code   224  stm32f1xx_hal_rcc_ex.o(i.HAL_RCCEx_PeriphCLKConfig)
    HAL_RCC_ClockConfig                      0x08000e49   Thumb Code   322  stm32f1xx_hal_rcc.o(i.HAL_RCC_ClockConfig)
    HAL_RCC_GetHCLKFreq                      0x08000f9d   Thumb Code     6  stm32f1xx_hal_rcc.o(i.HAL_RCC_GetHCLKFreq)
    HAL_RCC_GetPCLK1Freq                     0x08000fa9   Thumb Code    20  stm32f1xx_hal_rcc.o(i.HAL_RCC_GetPCLK1Freq)
    HAL_RCC_GetPCLK2Freq                     0x08000fc9   Thumb Code    20  stm32f1xx_hal_rcc.o(i.HAL_RCC_GetPCLK2Freq)
    HAL_RCC_GetSysClockFreq                  0x08000fe9   Thumb Code    74  stm32f1xx_hal_rcc.o(i.HAL_RCC_GetSysClockFreq)
    HAL_RCC_OscConfig                        0x08001055   Thumb Code   750  stm32f1xx_hal_rcc.o(i.HAL_RCC_OscConfig)
    HAL_SPI_Init                             0x08001359   Thumb Code   130  stm32f1xx_hal_spi_ex.o(i.HAL_SPI_Init)
    HAL_SPI_MspInit                          0x080013dd   Thumb Code    76  spi.o(i.HAL_SPI_MspInit)
    HAL_SPI_Transmit                         0x08001435   Thumb Code   360  stm32f1xx_hal_spi.o(i.HAL_SPI_Transmit)
    HAL_SYSTICK_CLKSourceConfig              0x0800159d   Thumb Code    24  stm32f1xx_hal_cortex.o(i.HAL_SYSTICK_CLKSourceConfig)
    HAL_SYSTICK_Callback                     0x080015b5   Thumb Code     2  stm32f1xx_hal_cortex.o(i.HAL_SYSTICK_Callback)
    HAL_SYSTICK_Config                       0x080015b7   Thumb Code    40  stm32f1xx_hal_cortex.o(i.HAL_SYSTICK_Config)
    HAL_SYSTICK_IRQHandler                   0x080015df   Thumb Code     8  stm32f1xx_hal_cortex.o(i.HAL_SYSTICK_IRQHandler)
    HAL_TIMEx_BreakCallback                  0x080015e7   Thumb Code     2  stm32f1xx_hal_tim_ex.o(i.HAL_TIMEx_BreakCallback)
    HAL_TIMEx_CommutationCallback            0x080015e9   Thumb Code     2  stm32f1xx_hal_tim_ex.o(i.HAL_TIMEx_CommutationCallback)
    HAL_TIMEx_MasterConfigSynchronization    0x080015eb   Thumb Code    80  stm32f1xx_hal_tim_ex.o(i.HAL_TIMEx_MasterConfigSynchronization)
    HAL_TIM_Base_Init                        0x0800163b   Thumb Code    54  stm32f1xx_hal_tim.o(i.HAL_TIM_Base_Init)
    HAL_TIM_Base_MspInit                     0x08001671   Thumb Code    50  tim.o(i.HAL_TIM_Base_MspInit)
    HAL_TIM_Base_Start_IT                    0x080016a9   Thumb Code    24  stm32f1xx_hal_tim.o(i.HAL_TIM_Base_Start_IT)
    HAL_TIM_ConfigClockSource                0x080016c1   Thumb Code   242  stm32f1xx_hal_tim.o(i.HAL_TIM_ConfigClockSource)
    HAL_TIM_IC_CaptureCallback               0x080017b3   Thumb Code     2  stm32f1xx_hal_tim.o(i.HAL_TIM_IC_CaptureCallback)
    HAL_TIM_IRQHandler                       0x080017b5   Thumb Code   358  stm32f1xx_hal_tim.o(i.HAL_TIM_IRQHandler)
    HAL_TIM_OC_DelayElapsedCallback          0x0800191b   Thumb Code     2  stm32f1xx_hal_tim.o(i.HAL_TIM_OC_DelayElapsedCallback)
    HAL_TIM_PWM_PulseFinishedCallback        0x0800191d   Thumb Code     2  stm32f1xx_hal_tim.o(i.HAL_TIM_PWM_PulseFinishedCallback)
    HAL_TIM_PeriodElapsedCallback            0x08001921   Thumb Code    30  main.o(i.HAL_TIM_PeriodElapsedCallback)
    HAL_TIM_TriggerCallback                  0x08001945   Thumb Code     2  stm32f1xx_hal_tim.o(i.HAL_TIM_TriggerCallback)
    HAL_UART_Init                            0x08001947   Thumb Code    98  stm32f1xx_hal_uart.o(i.HAL_UART_Init)
    HAL_UART_MspInit                         0x080019a9   Thumb Code    76  usart.o(i.HAL_UART_MspInit)
    HAL_UART_Transmit                        0x08001a01   Thumb Code   186  stm32f1xx_hal_uart.o(i.HAL_UART_Transmit)
    HardFault_Handler                        0x08001abb   Thumb Code     2  stm32f1xx_it.o(i.HardFault_Handler)
    MX_ADC1_Init                             0x08001abd   Thumb Code    50  adc.o(i.MX_ADC1_Init)
    MX_ADC2_Init                             0x08001b09   Thumb Code    72  adc.o(i.MX_ADC2_Init)
    MX_GPIO_Init                             0x08001b69   Thumb Code   170  gpio.o(i.MX_GPIO_Init)
    MX_SPI2_Init                             0x08001c25   Thumb Code    66  spi.o(i.MX_SPI2_Init)
    MX_TIM2_Init                             0x08001c81   Thumb Code    96  tim.o(i.MX_TIM2_Init)
    MX_USART1_UART_Init                      0x08001cf5   Thumb Code    52  usart.o(i.MX_USART1_UART_Init)
    MadgwickAHRSupdateIMU                    0x08001d41   Thumb Code  1156  madgwickahrs.o(i.MadgwickAHRSupdateIMU)
    MemManage_Handler                        0x080021c5   Thumb Code     2  stm32f1xx_it.o(i.MemManage_Handler)
    NMI_Handler                              0x080021c7   Thumb Code     2  stm32f1xx_it.o(i.NMI_Handler)
    PendSV_Handler                           0x080021e9   Thumb Code     2  stm32f1xx_it.o(i.PendSV_Handler)
    SPI_RW                                   0x0800220b   Thumb Code    20  mpu9250.o(i.SPI_RW)
    SVC_Handler                              0x080022b5   Thumb Code     2  stm32f1xx_it.o(i.SVC_Handler)
    SysTick_Handler                          0x080022b7   Thumb Code    14  stm32f1xx_it.o(i.SysTick_Handler)
    SystemClock_Config                       0x080022c5   Thumb Code   122  main.o(i.SystemClock_Config)
    SystemInit                               0x08002341   Thumb Code    56  system_stm32f1xx.o(i.SystemInit)
    TIM2_IRQHandler                          0x08002389   Thumb Code     6  stm32f1xx_it.o(i.TIM2_IRQHandler)
    TIM_Base_SetConfig                       0x08002395   Thumb Code    94  stm32f1xx_hal_tim.o(i.TIM_Base_SetConfig)
    UsageFault_Handler                       0x08002641   Thumb Code     2  stm32f1xx_it.o(i.UsageFault_Handler)
    _Error_Handler                           0x08002643   Thumb Code     2  main.o(i._Error_Handler)
    __ARM_fpclassifyf                        0x08002645   Thumb Code    38  fpclassifyf.o(i.__ARM_fpclassifyf)
    __mathlib_flt_infnan                     0x0800266b   Thumb Code     6  funder.o(i.__mathlib_flt_infnan)
    __mathlib_flt_infnan2                    0x08002671   Thumb Code     4  funder.o(i.__mathlib_flt_infnan2)
    __mathlib_flt_invalid                    0x08002675   Thumb Code     8  funder.o(i.__mathlib_flt_invalid)
    __mathlib_flt_underflow                  0x0800267d   Thumb Code    10  funder.o(i.__mathlib_flt_underflow)
    __scatterload_copy                       0x08002687   Thumb Code    14  handlers.o(i.__scatterload_copy)
    __scatterload_null                       0x08002695   Thumb Code     2  handlers.o(i.__scatterload_null)
    __scatterload_zeroinit                   0x08002697   Thumb Code    14  handlers.o(i.__scatterload_zeroinit)
    __set_errno                              0x080026a5   Thumb Code     6  errno.o(i.__set_errno)
    ak8963WhoAmI_SPI                         0x080026b1   Thumb Code    98  mpu9250.o(i.ak8963WhoAmI_SPI)
    asinf                                    0x08002715   Thumb Code   254  asinf.o(i.asinf)
    atan2f                                   0x08002839   Thumb Code   528  atan2f.o(i.atan2f)
    attitude_init                            0x08002a95   Thumb Code    16  attitude.o(i.attitude_init)
    attitude_updata                          0x08002aa5   Thumb Code   110  attitude.o(i.attitude_updata)
    getAres                                  0x08002b31   Thumb Code    44  mpu9250.o(i.getAres)
    getGres                                  0x08002b61   Thumb Code    36  mpu9250.o(i.getGres)
    getMres                                  0x08002b99   Thumb Code    20  mpu9250.o(i.getMres)
    get_acc                                  0x08002bb9   Thumb Code    10  attitude.o(i.get_acc)
    get_gyro                                 0x08002bc9   Thumb Code    10  attitude.o(i.get_gyro)
    get_quat                                 0x08002bd9   Thumb Code    12  attitude.o(i.get_quat)
    imu_cs_disable                           0x08002be9   Thumb Code    10  gpio.o(i.imu_cs_disable)
    imu_cs_enable                            0x08002bf9   Thumb Code    12  gpio.o(i.imu_cs_enable)
    initAK8963                               0x08002c09   Thumb Code   188  mpu9250.o(i.initAK8963)
    initMPU9250                              0x08002ccd   Thumb Code   166  mpu9250.o(i.initMPU9250)
    invSqrt                                  0x08002d79   Thumb Code    48  madgwickahrs.o(i.invSqrt)
    kickHardware                             0x08002dad   Thumb Code    22  mpu9250.o(i.kickHardware)
    led_off                                  0x08002dc9   Thumb Code    10  gpio.o(i.led_off)
    magInit                                  0x08002dd9   Thumb Code   150  mpu9250.o(i.magInit)
    main                                     0x08002e71   Thumb Code   114  main.o(i.main)
    mpu9250_init                             0x08002ee9   Thumb Code    36  mpu9250.o(i.mpu9250_init)
    mpu9250_read_all                         0x08002f11   Thumb Code   122  mpu9250.o(i.mpu9250_read_all)
    quat2euler                               0x08002f91   Thumb Code   252  attitude.o(i.quat2euler)
    readAccelData                            0x08003095   Thumb Code    42  mpu9250.o(i.readAccelData)
    readByte                                 0x080030c1   Thumb Code    40  mpu9250.o(i.readByte)
    readByteSPI                              0x080030f1   Thumb Code    10  mpu9250.o(i.readByteSPI)
    readBytes                                0x080030fd   Thumb Code    54  mpu9250.o(i.readBytes)
    readGyroData                             0x0800313d   Thumb Code    42  mpu9250.o(i.readGyroData)
    read_imu_data                            0x08003169   Thumb Code    70  attitude.o(i.read_imu_data)
    reset_test_flag                          0x080031d1   Thumb Code    12  gpio.o(i.reset_test_flag)
    send_byte                                0x080031e1   Thumb Code    16  usart.o(i.send_byte)
    send_msg                                 0x080031f5   Thumb Code    26  transmitter.o(i.send_msg)
    set_test_flag                            0x08003219   Thumb Code    10  gpio.o(i.set_test_flag)
    sqrtf                                    0x08003229   Thumb Code    44  sqrtf.o(i.sqrtf)
    transmitter_init                         0x08003255   Thumb Code    22  transmitter.o(i.transmitter_init)
    transmitter_send_imu_data                0x08003271   Thumb Code    76  transmitter.o(i.transmitter_send_imu_data)
    vec_times                                0x080032c1   Thumb Code    52  ch_math.o(i.vec_times)
    writeByte                                0x080032f5   Thumb Code    36  mpu9250.o(i.writeByte)
    writeByteSPI                             0x08003321   Thumb Code    38  mpu9250.o(i.writeByteSPI)
    AHBPrescTable                            0x0800334c   Data          16  system_stm32f1xx.o(.constdata)
    APBPrescTable                            0x0800335c   Data           8  system_stm32f1xx.o(.constdata)
    Region$$Table$$Base                      0x08003364   Number         0  anon$$obj.o(Region$$Table)
    Region$$Table$$Limit                     0x08003384   Number         0  anon$$obj.o(Region$$Table)
    computing                                0x20000000   Data           1  attitude.o(.data)
    beta                                     0x20000004   Data           4  madgwickahrs.o(.data)
    q0                                       0x20000008   Data           4  madgwickahrs.o(.data)
    q1                                       0x2000000c   Data           4  madgwickahrs.o(.data)
    q2                                       0x20000010   Data           4  madgwickahrs.o(.data)
    q3                                       0x20000014   Data           4  madgwickahrs.o(.data)
    Gscale                                   0x20000018   Data           1  mpu9250.o(.data)
    Ascale                                   0x20000019   Data           1  mpu9250.o(.data)
    Mscale                                   0x2000001a   Data           1  mpu9250.o(.data)
    Mmode                                    0x2000001b   Data           1  mpu9250.o(.data)
    aRes                                     0x2000001c   Data           4  mpu9250.o(.data)
    gRes                                     0x20000020   Data           4  mpu9250.o(.data)
    mRes                                     0x20000024   Data           4  mpu9250.o(.data)
    ax                                       0x20000028   Data           4  mpu9250.o(.data)
    ay                                       0x2000002c   Data           4  mpu9250.o(.data)
    az                                       0x20000030   Data           4  mpu9250.o(.data)
    gx                                       0x20000034   Data           4  mpu9250.o(.data)
    gy                                       0x20000038   Data           4  mpu9250.o(.data)
    gz                                       0x2000003c   Data           4  mpu9250.o(.data)
    uwTickFreq                               0x20000040   Data           1  stm32f1xx_hal.o(.data)
    uwTickPrio                               0x20000044   Data           4  stm32f1xx_hal.o(.data)
    uwTick                                   0x20000048   Data           4  stm32f1xx_hal.o(.data)
    SystemCoreClock                          0x2000004c   Data           4  system_stm32f1xx.o(.data)
    hspi2                                    0x20000054   Data          88  spi.o(.bss)
    hadc1                                    0x200000ac   Data          48  adc.o(.bss)
    hadc2                                    0x200000dc   Data          48  adc.o(.bss)
    huart1                                   0x2000010c   Data          64  usart.o(.bss)
    htim2                                    0x2000014c   Data          64  tim.o(.bss)
    quat                                     0x2000018c   Data          16  attitude.o(.bss)
    acc_g                                    0x2000019c   Data          12  attitude.o(.bss)
    gyro_rad                                 0x200001a8   Data          12  attitude.o(.bss)
    mag                                      0x200001b4   Data          12  attitude.o(.bss)
    euler_rad                                0x200001c0   Data          12  attitude.o(.bss)
    euler_deg                                0x200001cc   Data          12  attitude.o(.bss)
    tx_msg                                   0x200001d8   Data        1024  transmitter.o(.bss)
    factoryMagCalibration                    0x200005d8   Data          12  mpu9250.o(.bss)
    magBias                                  0x200005e4   Data          12  mpu9250.o(.bss)
    __initial_sp                             0x200009f0   Data           0  startup_stm32f103xb.o(STACK)



==============================================================================

Memory Map of the image

  Image Entry point : 0x080000ed

  Load Region LR_IROM1 (Base: 0x08000000, Size: 0x000033d8, Max: 0x00010000, ABSOLUTE)

    Execution Region ER_IROM1 (Base: 0x08000000, Size: 0x00003384, Max: 0x00010000, ABSOLUTE)

    Base Addr    Size         Type   Attr      Idx    E Section Name        Object

    0x08000000   0x000000ec   Data   RO         3699    RESET               startup_stm32f103xb.o
    0x080000ec   0x00000000   Code   RO         3776  * .ARM.Collect$$$$00000000  mc_w.l(entry.o)
    0x080000ec   0x00000004   Code   RO         4119    .ARM.Collect$$$$00000001  mc_w.l(entry2.o)
    0x080000f0   0x00000004   Code   RO         4122    .ARM.Collect$$$$00000004  mc_w.l(entry5.o)
    0x080000f4   0x00000000   Code   RO         4124    .ARM.Collect$$$$00000008  mc_w.l(entry7b.o)
    0x080000f4   0x00000000   Code   RO         4126    .ARM.Collect$$$$0000000A  mc_w.l(entry8b.o)
    0x080000f4   0x00000008   Code   RO         4127    .ARM.Collect$$$$0000000B  mc_w.l(entry9a.o)
    0x080000fc   0x00000000   Code   RO         4129    .ARM.Collect$$$$0000000D  mc_w.l(entry10a.o)
    0x080000fc   0x00000000   Code   RO         4131    .ARM.Collect$$$$0000000F  mc_w.l(entry11a.o)
    0x080000fc   0x00000004   Code   RO         4120    .ARM.Collect$$$$00002712  mc_w.l(entry2.o)
    0x08000100   0x00000024   Code   RO         3700    .text               startup_stm32f103xb.o
    0x08000124   0x00000020   Code   RO         3779    .text               mc_w.l(llushr.o)
    0x08000144   0x00000024   Code   RO         3781    .text               mc_w.l(memcpya.o)
    0x08000168   0x000000b0   Code   RO         4046    .text               mf_w.l(fadd.o)
    0x08000218   0x00000064   Code   RO         4048    .text               mf_w.l(fmul.o)
    0x0800027c   0x0000007c   Code   RO         4050    .text               mf_w.l(fdiv.o)
    0x080002f8   0x00000018   Code   RO         4052    .text               mf_w.l(fscalb.o)
    0x08000310   0x0000014e   Code   RO         4054    .text               mf_w.l(dadd.o)
    0x0800045e   0x0000002e   Code   RO         4060    .text               mf_w.l(dscalb.o)
    0x0800048c   0x00000012   Code   RO         4062    .text               mf_w.l(fflti.o)
    0x0800049e   0x0000000a   Code   RO         4064    .text               mf_w.l(ffltui.o)
    0x080004a8   0x00000022   Code   RO         4066    .text               mf_w.l(dflti.o)
    0x080004ca   0x00000026   Code   RO         4072    .text               mf_w.l(f2d.o)
    0x080004f0   0x00000038   Code   RO         4074    .text               mf_w.l(d2f.o)
    0x08000528   0x0000001e   Code   RO         4138    .text               mc_w.l(llshl.o)
    0x08000546   0x00000024   Code   RO         4140    .text               mc_w.l(llsshr.o)
    0x0800056a   0x00000000   Code   RO         4149    .text               mc_w.l(iusefp.o)
    0x0800056a   0x0000006e   Code   RO         4150    .text               mf_w.l(fepilogue.o)
    0x080005d8   0x000000ba   Code   RO         4152    .text               mf_w.l(depilogue.o)
    0x08000692   0x00000002   PAD
    0x08000694   0x00000024   Code   RO         4162    .text               mc_w.l(init.o)
    0x080006b8   0x0000005e   Code   RO         4164    .text               mf_w.l(fsqrt.o)
    0x08000716   0x00000002   PAD
    0x08000718   0x0000004c   Code   RO         2106    i.ADC_ConversionStop_Disable  stm32f1xx_hal_adc.o
    0x08000764   0x00000002   Code   RO          208    i.BusFault_Handler  stm32f1xx_it.o
    0x08000766   0x00000002   Code   RO          209    i.DebugMon_Handler  stm32f1xx_it.o
    0x08000768   0x000000fc   Code   RO         2112    i.HAL_ADC_ConfigChannel  stm32f1xx_hal_adc.o
    0x08000864   0x0000011c   Code   RO         2121    i.HAL_ADC_Init      stm32f1xx_hal_adc.o
    0x08000980   0x00000074   Code   RO          371    i.HAL_ADC_MspInit   adc.o
    0x080009f4   0x00000024   Code   RO         3446    i.HAL_Delay         stm32f1xx_hal.o
    0x08000a18   0x000001bc   Code   RO         2007    i.HAL_GPIO_Init     stm32f1xx_hal_gpio.o
    0x08000bd4   0x0000000a   Code   RO         2011    i.HAL_GPIO_WritePin  stm32f1xx_hal_gpio.o
    0x08000bde   0x00000002   PAD
    0x08000be0   0x0000000c   Code   RO         3450    i.HAL_GetTick       stm32f1xx_hal.o
    0x08000bec   0x00000010   Code   RO         3454    i.HAL_IncTick       stm32f1xx_hal.o
    0x08000bfc   0x00000024   Code   RO         3455    i.HAL_Init          stm32f1xx_hal.o
    0x08000c20   0x00000040   Code   RO         3456    i.HAL_InitTick      stm32f1xx_hal.o
    0x08000c60   0x00000080   Code   RO          418    i.HAL_MspInit       stm32f1xx_hal_msp.o
    0x08000ce0   0x00000016   Code   RO         1656    i.HAL_NVIC_EnableIRQ  stm32f1xx_hal_cortex.o
    0x08000cf6   0x00000002   PAD
    0x08000cf8   0x00000040   Code   RO         1662    i.HAL_NVIC_SetPriority  stm32f1xx_hal_cortex.o
    0x08000d38   0x00000024   Code   RO         1663    i.HAL_NVIC_SetPriorityGrouping  stm32f1xx_hal_cortex.o
    0x08000d5c   0x000000ec   Code   RO         2072    i.HAL_RCCEx_PeriphCLKConfig  stm32f1xx_hal_rcc_ex.o
    0x08000e48   0x00000154   Code   RO         3599    i.HAL_RCC_ClockConfig  stm32f1xx_hal_rcc.o
    0x08000f9c   0x0000000c   Code   RO         3604    i.HAL_RCC_GetHCLKFreq  stm32f1xx_hal_rcc.o
    0x08000fa8   0x00000020   Code   RO         3606    i.HAL_RCC_GetPCLK1Freq  stm32f1xx_hal_rcc.o
    0x08000fc8   0x00000020   Code   RO         3607    i.HAL_RCC_GetPCLK2Freq  stm32f1xx_hal_rcc.o
    0x08000fe8   0x0000006c   Code   RO         3608    i.HAL_RCC_GetSysClockFreq  stm32f1xx_hal_rcc.o
    0x08001054   0x00000304   Code   RO         3611    i.HAL_RCC_OscConfig  stm32f1xx_hal_rcc.o
    0x08001358   0x00000082   Code   RO          963    i.HAL_SPI_Init      stm32f1xx_hal_spi_ex.o
    0x080013da   0x00000002   PAD
    0x080013dc   0x00000058   Code   RO          167    i.HAL_SPI_MspInit   spi.o
    0x08001434   0x00000168   Code   RO         3039    i.HAL_SPI_Transmit  stm32f1xx_hal_spi.o
    0x0800159c   0x00000018   Code   RO         1665    i.HAL_SYSTICK_CLKSourceConfig  stm32f1xx_hal_cortex.o
    0x080015b4   0x00000002   Code   RO         1666    i.HAL_SYSTICK_Callback  stm32f1xx_hal_cortex.o
    0x080015b6   0x00000028   Code   RO         1667    i.HAL_SYSTICK_Config  stm32f1xx_hal_cortex.o
    0x080015de   0x00000008   Code   RO         1668    i.HAL_SYSTICK_IRQHandler  stm32f1xx_hal_cortex.o
    0x080015e6   0x00000002   Code   RO         1771    i.HAL_TIMEx_BreakCallback  stm32f1xx_hal_tim_ex.o
    0x080015e8   0x00000002   Code   RO         1772    i.HAL_TIMEx_CommutationCallback  stm32f1xx_hal_tim_ex.o
    0x080015ea   0x00000050   Code   RO         1788    i.HAL_TIMEx_MasterConfigSynchronization  stm32f1xx_hal_tim_ex.o
    0x0800163a   0x00000036   Code   RO         1025    i.HAL_TIM_Base_Init  stm32f1xx_hal_tim.o
    0x08001670   0x00000038   Code   RO          497    i.HAL_TIM_Base_MspInit  tim.o
    0x080016a8   0x00000018   Code   RO         1030    i.HAL_TIM_Base_Start_IT  stm32f1xx_hal_tim.o
    0x080016c0   0x000000f2   Code   RO         1034    i.HAL_TIM_ConfigClockSource  stm32f1xx_hal_tim.o
    0x080017b2   0x00000002   Code   RO         1054    i.HAL_TIM_IC_CaptureCallback  stm32f1xx_hal_tim.o
    0x080017b4   0x00000166   Code   RO         1067    i.HAL_TIM_IRQHandler  stm32f1xx_hal_tim.o
    0x0800191a   0x00000002   Code   RO         1070    i.HAL_TIM_OC_DelayElapsedCallback  stm32f1xx_hal_tim.o
    0x0800191c   0x00000002   Code   RO         1097    i.HAL_TIM_PWM_PulseFinishedCallback  stm32f1xx_hal_tim.o
    0x0800191e   0x00000002   PAD
    0x08001920   0x00000024   Code   RO          290    i.HAL_TIM_PeriodElapsedCallback  main.o
    0x08001944   0x00000002   Code   RO         1108    i.HAL_TIM_TriggerCallback  stm32f1xx_hal_tim.o
    0x08001946   0x00000062   Code   RO         2616    i.HAL_UART_Init     stm32f1xx_hal_uart.o
    0x080019a8   0x00000058   Code   RO          443    i.HAL_UART_MspInit  usart.o
    0x08001a00   0x000000ba   Code   RO         2624    i.HAL_UART_Transmit  stm32f1xx_hal_uart.o
    0x08001aba   0x00000002   Code   RO          210    i.HardFault_Handler  stm32f1xx_it.o
    0x08001abc   0x0000004c   Code   RO          372    i.MX_ADC1_Init      adc.o
    0x08001b08   0x00000060   Code   RO          373    i.MX_ADC2_Init      adc.o
    0x08001b68   0x000000bc   Code   RO            4    i.MX_GPIO_Init      gpio.o
    0x08001c24   0x0000005c   Code   RO          168    i.MX_SPI2_Init      spi.o
    0x08001c80   0x00000074   Code   RO          498    i.MX_TIM2_Init      tim.o
    0x08001cf4   0x0000004c   Code   RO          444    i.MX_USART1_UART_Init  usart.o
    0x08001d40   0x00000484   Code   RO          678    i.MadgwickAHRSupdateIMU  madgwickahrs.o
    0x080021c4   0x00000002   Code   RO          211    i.MemManage_Handler  stm32f1xx_it.o
    0x080021c6   0x00000002   Code   RO          212    i.NMI_Handler       stm32f1xx_it.o
    0x080021c8   0x00000020   Code   RO         1669    i.NVIC_SetPriority  stm32f1xx_hal_cortex.o
    0x080021e8   0x00000002   Code   RO          213    i.PendSV_Handler    stm32f1xx_it.o
    0x080021ea   0x00000020   Code   RO         3055    i.SPI_CheckFlag_BSY  stm32f1xx_hal_spi.o
    0x0800220a   0x00000014   Code   RO          753    i.SPI_RW            mpu9250.o
    0x0800221e   0x00000096   Code   RO         3074    i.SPI_WaitFlagStateUntilTimeout  stm32f1xx_hal_spi.o
    0x080022b4   0x00000002   Code   RO          214    i.SVC_Handler       stm32f1xx_it.o
    0x080022b6   0x0000000e   Code   RO          215    i.SysTick_Handler   stm32f1xx_it.o
    0x080022c4   0x0000007a   Code   RO          291    i.SystemClock_Config  main.o
    0x0800233e   0x00000002   PAD
    0x08002340   0x00000048   Code   RO         3708    i.SystemInit        system_stm32f1xx.o
    0x08002388   0x0000000c   Code   RO          216    i.TIM2_IRQHandler   stm32f1xx_it.o
    0x08002394   0x0000006c   Code   RO         1109    i.TIM_Base_SetConfig  stm32f1xx_hal_tim.o
    0x08002400   0x00000014   Code   RO         1116    i.TIM_ETR_SetConfig  stm32f1xx_hal_tim.o
    0x08002414   0x00000010   Code   RO         1117    i.TIM_ITRx_SetConfig  stm32f1xx_hal_tim.o
    0x08002424   0x00000022   Code   RO         1123    i.TIM_TI1_ConfigInputStage  stm32f1xx_hal_tim.o
    0x08002446   0x00000024   Code   RO         1125    i.TIM_TI2_ConfigInputStage  stm32f1xx_hal_tim.o
    0x0800246a   0x00000002   PAD
    0x0800246c   0x00000170   Code   RO         2642    i.UART_SetConfig    stm32f1xx_hal_uart.o
    0x080025dc   0x00000064   Code   RO         2644    i.UART_WaitOnFlagUntilTimeout  stm32f1xx_hal_uart.o
    0x08002640   0x00000002   Code   RO          217    i.UsageFault_Handler  stm32f1xx_it.o
    0x08002642   0x00000002   Code   RO          292    i._Error_Handler    main.o
    0x08002644   0x00000026   Code   RO         4092    i.__ARM_fpclassifyf  m_ws.l(fpclassifyf.o)
    0x0800266a   0x00000006   Code   RO         4095    i.__mathlib_flt_infnan  m_ws.l(funder.o)
    0x08002670   0x00000004   Code   RO         4096    i.__mathlib_flt_infnan2  m_ws.l(funder.o)
    0x08002674   0x00000008   Code   RO         4097    i.__mathlib_flt_invalid  m_ws.l(funder.o)
    0x0800267c   0x0000000a   Code   RO         4100    i.__mathlib_flt_underflow  m_ws.l(funder.o)
    0x08002686   0x0000000e   Code   RO         4168    i.__scatterload_copy  mc_w.l(handlers.o)
    0x08002694   0x00000002   Code   RO         4169    i.__scatterload_null  mc_w.l(handlers.o)
    0x08002696   0x0000000e   Code   RO         4170    i.__scatterload_zeroinit  mc_w.l(handlers.o)
    0x080026a4   0x0000000c   Code   RO         4144    i.__set_errno       mc_w.l(errno.o)
    0x080026b0   0x00000062   Code   RO          754    i.ak8963WhoAmI_SPI  mpu9250.o
    0x08002712   0x00000002   PAD
    0x08002714   0x00000124   Code   RO         3743    i.asinf             m_ws.l(asinf.o)
    0x08002838   0x0000025c   Code   RO         3751    i.atan2f            m_ws.l(atan2f.o)
    0x08002a94   0x00000010   Code   RO          562    i.attitude_init     attitude.o
    0x08002aa4   0x0000008c   Code   RO          563    i.attitude_updata   attitude.o
    0x08002b30   0x00000030   Code   RO          758    i.getAres           mpu9250.o
    0x08002b60   0x00000038   Code   RO          759    i.getGres           mpu9250.o
    0x08002b98   0x00000020   Code   RO          760    i.getMres           mpu9250.o
    0x08002bb8   0x00000010   Code   RO          564    i.get_acc           attitude.o
    0x08002bc8   0x00000010   Code   RO          567    i.get_gyro          attitude.o
    0x08002bd8   0x00000010   Code   RO          569    i.get_quat          attitude.o
    0x08002be8   0x00000010   Code   RO            5    i.imu_cs_disable    gpio.o
    0x08002bf8   0x00000010   Code   RO            6    i.imu_cs_enable     gpio.o
    0x08002c08   0x000000c4   Code   RO          761    i.initAK8963        mpu9250.o
    0x08002ccc   0x000000ac   Code   RO          762    i.initMPU9250       mpu9250.o
    0x08002d78   0x00000034   Code   RO          679    i.invSqrt           madgwickahrs.o
    0x08002dac   0x0000001c   Code   RO          763    i.kickHardware      mpu9250.o
    0x08002dc8   0x00000010   Code   RO            7    i.led_off           gpio.o
    0x08002dd8   0x00000096   Code   RO          765    i.magInit           mpu9250.o
    0x08002e6e   0x00000002   PAD
    0x08002e70   0x00000078   Code   RO          293    i.main              main.o
    0x08002ee8   0x00000028   Code   RO          766    i.mpu9250_init      mpu9250.o
    0x08002f10   0x00000080   Code   RO          767    i.mpu9250_read_all  mpu9250.o
    0x08002f90   0x00000104   Code   RO          573    i.quat2euler        attitude.o
    0x08003094   0x0000002a   Code   RO          768    i.readAccelData     mpu9250.o
    0x080030be   0x00000002   PAD
    0x080030c0   0x00000030   Code   RO          769    i.readByte          mpu9250.o
    0x080030f0   0x0000000a   Code   RO          770    i.readByteSPI       mpu9250.o
    0x080030fa   0x00000002   PAD
    0x080030fc   0x00000040   Code   RO          771    i.readBytes         mpu9250.o
    0x0800313c   0x0000002a   Code   RO          774    i.readGyroData      mpu9250.o
    0x08003166   0x00000002   PAD
    0x08003168   0x00000068   Code   RO          574    i.read_imu_data     attitude.o
    0x080031d0   0x00000010   Code   RO            9    i.reset_test_flag   gpio.o
    0x080031e0   0x00000014   Code   RO          446    i.send_byte         usart.o
    0x080031f4   0x00000024   Code   RO          710    i.send_msg          transmitter.o
    0x08003218   0x00000010   Code   RO           10    i.set_test_flag     gpio.o
    0x08003228   0x0000002c   Code   RO         4112    i.sqrtf             m_ws.l(sqrtf.o)
    0x08003254   0x0000001c   Code   RO          711    i.transmitter_init  transmitter.o
    0x08003270   0x00000050   Code   RO          712    i.transmitter_send_imu_data  transmitter.o
    0x080032c0   0x00000034   Code   RO          537    i.vec_times         ch_math.o
    0x080032f4   0x0000002c   Code   RO          779    i.writeByte         mpu9250.o
    0x08003320   0x0000002c   Code   RO          780    i.writeByteSPI      mpu9250.o
    0x0800334c   0x00000010   Data   RO         3709    .constdata          system_stm32f1xx.o
    0x0800335c   0x00000008   Data   RO         3710    .constdata          system_stm32f1xx.o
    0x08003364   0x00000020   Data   RO         4166    Region$$Table       anon$$obj.o


    Execution Region RW_IRAM1 (Base: 0x20000000, Size: 0x000009f0, Max: 0x00005000, ABSOLUTE)

    Base Addr    Size         Type   Attr      Idx    E Section Name        Object

    0x20000000   0x00000001   Data   RW          576    .data               attitude.o
    0x20000001   0x00000003   PAD
    0x20000004   0x00000014   Data   RW          680    .data               madgwickahrs.o
    0x20000018   0x00000028   Data   RW          788    .data               mpu9250.o
    0x20000040   0x0000000c   Data   RW         3462    .data               stm32f1xx_hal.o
    0x2000004c   0x00000004   Data   RW         3711    .data               system_stm32f1xx.o
    0x20000050   0x00000004   Data   RW         4145    .data               mc_w.l(errno.o)
    0x20000054   0x00000058   Zero   RW          169    .bss                spi.o
    0x200000ac   0x00000060   Zero   RW          374    .bss                adc.o
    0x2000010c   0x00000040   Zero   RW          447    .bss                usart.o
    0x2000014c   0x00000040   Zero   RW          499    .bss                tim.o
    0x2000018c   0x0000004c   Zero   RW          575    .bss                attitude.o
    0x200001d8   0x00000400   Zero   RW          713    .bss                transmitter.o
    0x200005d8   0x00000018   Zero   RW          781    .bss                mpu9250.o
    0x200005f0   0x00000400   Zero   RW         3697    STACK               startup_stm32f103xb.o


==============================================================================

Image component sizes


      Code (inc. data)   RO Data    RW Data    ZI Data      Debug   Object Name

       288         72          0          0         96       2082   adc.o
       568         88          0          1         76       4691   attitude.o
        52          0          0          0          0        892   ch_math.o
       268         44          0          0          0     455292   gpio.o
      1208         14          0         20          0       2125   madgwickahrs.o
       280         12          0          0          0       3061   main.o
      1262         98          0         40         24      12708   mpu9250.o
       180         38          0          0         88       1529   spi.o
        36          8        236          0       1024        756   startup_stm32f103xb.o
       164         28          0         12          0       3749   stm32f1xx_hal.o
       612         24          0          0          0       3236   stm32f1xx_hal_adc.o
       228         14          0          0          0      27277   stm32f1xx_hal_cortex.o
       454         36          0          0          0       2840   stm32f1xx_hal_gpio.o
       128         10          0          0          0        846   stm32f1xx_hal_msp.o
      1296        104          0          0          0       5556   stm32f1xx_hal_rcc.o
       236         12          0          0          0       1360   stm32f1xx_hal_rcc_ex.o
       542          0          0          0          0       3247   stm32f1xx_hal_spi.o
       130          0          0          0          0       1039   stm32f1xx_hal_spi_ex.o
       900         14          0          0          0       9255   stm32f1xx_hal_tim.o
        84          0          0          0          0       2278   stm32f1xx_hal_tim_ex.o
       752          4          0          0          0       3848   stm32f1xx_hal_uart.o
        42          6          0          0          0       4124   stm32f1xx_it.o
        72         16         24          4          0       1115   system_stm32f1xx.o
       172         26          0          0         64       1554   tim.o
       144         20          0          0       1024       2775   transmitter.o
       184         40          0          0         64       2046   usart.o

    ----------------------------------------------------------------------
     10304        728        292         80       2460     559281   Object Totals
         0          0         32          0          0          0   (incl. Generated)
        22          0          0          3          0          0   (incl. Padding)

    ----------------------------------------------------------------------

      Code (inc. data)   RO Data    RW Data    ZI Data      Debug   Library Member Name

       292         38          0          0          0        120   asinf.o
       604         76          0          0          0        116   atan2f.o
        38          0          0          0          0         68   fpclassifyf.o
        28          0          0          0          0        272   funder.o
        44          0          0          0          0         80   sqrtf.o
         0          0          0          0          0          0   entry.o
         0          0          0          0          0          0   entry10a.o
         0          0          0          0          0          0   entry11a.o
         8          4          0          0          0          0   entry2.o
         4          0          0          0          0          0   entry5.o
         0          0          0          0          0          0   entry7b.o
         0          0          0          0          0          0   entry8b.o
         8          4          0          0          0          0   entry9a.o
        12          6          0          4          0         68   errno.o
        30          0          0          0          0          0   handlers.o
        36          8          0          0          0         68   init.o
         0          0          0          0          0          0   iusefp.o
        30          0          0          0          0         68   llshl.o
        36          0          0          0          0         68   llsshr.o
        32          0          0          0          0         68   llushr.o
        36          0          0          0          0         68   memcpya.o
        56          0          0          0          0         88   d2f.o
       334          0          0          0          0        148   dadd.o
       186          0          0          0          0        176   depilogue.o
        34          0          0          0          0         76   dflti.o
        46          0          0          0          0         80   dscalb.o
        38          0          0          0          0         68   f2d.o
       176          0          0          0          0        140   fadd.o
       124          0          0          0          0         88   fdiv.o
       110          0          0          0          0        168   fepilogue.o
        18          0          0          0          0         68   fflti.o
        10          0          0          0          0         68   ffltui.o
       100          0          0          0          0         76   fmul.o
        24          0          0          0          0         68   fscalb.o
        94          0          0          0          0         96   fsqrt.o

    ----------------------------------------------------------------------
      2592        136          0          4          0       2472   Library Totals
         4          0          0          0          0          0   (incl. Padding)

    ----------------------------------------------------------------------

      Code (inc. data)   RO Data    RW Data    ZI Data      Debug   Library Name

      1006        114          0          0          0        656   m_ws.l
       232         22          0          4          0        408   mc_w.l
      1350          0          0          0          0       1408   mf_w.l

    ----------------------------------------------------------------------
      2592        136          0          4          0       2472   Library Totals

    ----------------------------------------------------------------------

==============================================================================


      Code (inc. data)   RO Data    RW Data    ZI Data      Debug   

     12896        864        292         84       2460     554885   Grand Totals
     12896        864        292         84       2460     554885   ELF Image Totals
     12896        864        292         84          0          0   ROM Totals

==============================================================================

    Total RO  Size (Code + RO Data)                13188 (  12.88kB)
    Total RW  Size (RW Data + ZI Data)              2544 (   2.48kB)
    Total ROM Size (Code + RO Data + RW Data)      13272 (  12.96kB)

==============================================================================

